Component: ARM Compiler 5.06 update 1 (build 61) Tool: armlink [4d35a8]

==============================================================================

Section Cross References

    main.o(i.TCP_Client_Init) refers to tcp.o(i.tcp_new) for tcp_new
    main.o(i.TCP_Client_Init) refers to tcp.o(i.tcp_bind) for tcp_bind
    main.o(i.TCP_Client_Init) refers to tcp.o(i.tcp_connect) for tcp_connect
    main.o(i.TCP_Client_Init) refers to ip_addr.o(.constdata) for ip_addr_any
    main.o(i.TCP_Client_Init) refers to main.o(i.TcpCli_Connected) for TcpCli_Connected
    main.o(i.TcpCli_Connected) refers to tcp_out.o(i.tcp_write) for tcp_write
    main.o(i.TcpCli_Connected) refers to tcp.o(i.tcp_close) for tcp_close
    main.o(i.TcpCli_Connected) refers to main.o(.constdata) for TCP_TestData
    main.o(i.linkStatusCB) refers to main.o(.data) for LED1_flag
    main.o(i.main) refers to delay.o(i.delay_init) for delay_init
    main.o(i.main) refers to nvic.o(i.NVIC_Configuration) for NVIC_Configuration
    main.o(i.main) refers to usart1.o(i.usart1_init) for usart1_init
    main.o(i.main) refers to usart2.o(i.usart2_init) for usart2_init
    main.o(i.main) refers to led.o(i.LED_Init) for LED_Init
    main.o(i.main) refers to key.o(i.KEY_Init) for KEY_Init
    main.o(i.main) refers to nvic.o(i.EXIT_init) for EXIT_init
    main.o(i.main) refers to timer.o(i.TIM3_Int_Init) for TIM3_Int_Init
    main.o(i.main) refers to timer.o(i.TIM4_Init) for TIM4_Init
    main.o(i.main) refers to timer.o(i.TIM4_Set) for TIM4_Set
    main.o(i.main) refers to stm32f10x_exti.o(i.EXTI_ClearITPendingBit) for EXTI_ClearITPendingBit
    main.o(i.main) refers to init.o(i.lwip_init) for lwip_init
    main.o(i.main) refers to ppp.o(i.pppInit) for pppInit
    main.o(i.main) refers to key.o(i.KEY_Scan) for KEY_Scan
    main.o(i.main) refers to delay.o(i.delay_ms) for delay_ms
    main.o(i.main) refers to strlen.o(.text) for strlen
    main.o(i.main) refers to usart2.o(i.USART2_SEND) for USART2_SEND
    main.o(i.main) refers to ppp.o(i.pppSetAuth) for pppSetAuth
    main.o(i.main) refers to ppp.o(i.pppOverSerialOpen) for pppOverSerialOpen
    main.o(i.main) refers to main.o(i.TCP_Client_Init) for TCP_Client_Init
    main.o(i.main) refers to usart1.o(.data) for USART1_RX_STA
    main.o(i.main) refers to usart2.o(.data) for USART2_RX_STA
    main.o(i.main) refers to main.o(.data) for AT_AT
    main.o(i.main) refers to main.o(i.linkStatusCB) for linkStatusCB
    led.o(i.LED_Init) refers to stm32f10x_rcc.o(i.RCC_APB2PeriphClockCmd) for RCC_APB2PeriphClockCmd
    led.o(i.LED_Init) refers to stm32f10x_gpio.o(i.GPIO_Init) for GPIO_Init
    led.o(i.LED_Init) refers to stm32f10x_gpio.o(i.GPIO_SetBits) for GPIO_SetBits
    nvic.o(i.EXIT_init) refers to stm32f10x_exti.o(i.EXTI_Init) for EXTI_Init
    nvic.o(i.EXIT_init) refers to misc.o(i.NVIC_Init) for NVIC_Init
    nvic.o(i.EXTI1_IRQHandler) refers to stm32f10x_exti.o(i.EXTI_GetITStatus) for EXTI_GetITStatus
    nvic.o(i.EXTI1_IRQHandler) refers to stm32f10x_exti.o(i.EXTI_ClearITPendingBit) for EXTI_ClearITPendingBit
    nvic.o(i.EXTI1_IRQHandler) refers to usart2.o(.bss) for USART2_RX_BUF
    nvic.o(i.EXTI1_IRQHandler) refers to usart1.o(.data) for p_usart1_send_data
    nvic.o(i.EXTI1_IRQHandler) refers to usart2.o(.data) for USART2_RX_STA
    nvic.o(i.EXTI3_IRQHandler) refers to stm32f10x_exti.o(i.EXTI_GetITStatus) for EXTI_GetITStatus
    nvic.o(i.EXTI3_IRQHandler) refers to stm32f10x_exti.o(i.EXTI_ClearITPendingBit) for EXTI_ClearITPendingBit
    nvic.o(i.EXTI4_IRQHandler) refers to stm32f10x_exti.o(i.EXTI_GetITStatus) for EXTI_GetITStatus
    nvic.o(i.EXTI4_IRQHandler) refers to stm32f10x_exti.o(i.EXTI_ClearITPendingBit) for EXTI_ClearITPendingBit
    nvic.o(i.EXTI4_IRQHandler) refers to ppp.o(i.pppos_input) for pppos_input
    nvic.o(i.EXTI4_IRQHandler) refers to usart2.o(.data) for USART2_RX_STA_BACKUP
    nvic.o(i.EXTI4_IRQHandler) refers to usart2.o(.bss) for USART2_RX_BUF
    nvic.o(i.EXTI4_IRQHandler) refers to main.o(.data) for pd
    nvic.o(i.NVIC_Configuration) refers to misc.o(i.NVIC_PriorityGroupConfig) for NVIC_PriorityGroupConfig
    timer.o(i.TIM2_Init) refers to misc.o(i.NVIC_Init) for NVIC_Init
    timer.o(i.TIM3_IRQHandler) refers to stm32f10x_tim.o(i.TIM_GetITStatus) for TIM_GetITStatus
    timer.o(i.TIM3_IRQHandler) refers to stm32f10x_tim.o(i.TIM_ClearITPendingBit) for TIM_ClearITPendingBit
    timer.o(i.TIM3_IRQHandler) refers to timer.o(.data) for lwip_time
    timer.o(i.TIM3_IRQHandler) refers to main.o(.data) for LED1_flag
    timer.o(i.TIM3_Int_Init) refers to stm32f10x_rcc.o(i.RCC_APB1PeriphClockCmd) for RCC_APB1PeriphClockCmd
    timer.o(i.TIM3_Int_Init) refers to stm32f10x_tim.o(i.TIM_TimeBaseInit) for TIM_TimeBaseInit
    timer.o(i.TIM3_Int_Init) refers to stm32f10x_tim.o(i.TIM_ITConfig) for TIM_ITConfig
    timer.o(i.TIM3_Int_Init) refers to misc.o(i.NVIC_Init) for NVIC_Init
    timer.o(i.TIM3_Int_Init) refers to stm32f10x_tim.o(i.TIM_Cmd) for TIM_Cmd
[...]
    PADDING                                  0x20000204   Data          64  md5.o(.data)
    .data                                    0x20000244   Section       40  pap.o(.data)
    .data                                    0x2000026c   Section       32  ppp.o(.data)
    pppACCMMask                              0x20000284   Data           8  ppp.o(.data)
    .data                                    0x2000028c   Section       12  randm.o(.data)
    avRandomized                             0x2000028c   Data           4  randm.o(.data)
    avRandomSeed                             0x20000290   Data           4  randm.o(.data)
    last_jiffies                             0x20000294   Data           4  randm.o(.data)
    .data                                    0x20000298   Section       20  dns.o(.data)
    dns_pcb                                  0x20000298   Data           4  dns.o(.data)
    dns_seqno                                0x2000029c   Data           1  dns.o(.data)
    dns_servers                              0x200002a0   Data           8  dns.o(.data)
    dns_payload                              0x200002a8   Data           4  dns.o(.data)
    .data                                    0x200002ac   Section       12  mem.o(.data)
    ram                                      0x200002ac   Data           4  mem.o(.data)
    ram_end                                  0x200002b0   Data           4  mem.o(.data)
    lfree                                    0x200002b4   Data           4  mem.o(.data)
    .data                                    0x200002b8   Section        9  netif.o(.data)
    netif_num                                0x200002c0   Data           1  netif.o(.data)
    .data                                    0x200002c4   Section        4  raw.o(.data)
    raw_pcbs                                 0x200002c4   Data           4  raw.o(.data)
    .data                                    0x200002c8   Section       36  tcp.o(.data)
    tcp_port                                 0x200002c8   Data           2  tcp.o(.data)
    tcp_timer                                0x200002e5   Data           1  tcp.o(.data)
    tcp_timer_ctr                            0x200002e6   Data           1  tcp.o(.data)
    iss                                      0x200002e8   Data           4  tcp.o(.data)
    .data                                    0x200002ec   Section       32  tcp_in.o(.data)
    tcphdr                                   0x200002ec   Data           4  tcp_in.o(.data)
    iphdr                                    0x200002f0   Data           4  tcp_in.o(.data)
    seqno                                    0x200002f4   Data           4  tcp_in.o(.data)
    ackno                                    0x200002f8   Data           4  tcp_in.o(.data)
    flags                                    0x200002fc   Data           1  tcp_in.o(.data)
    tcplen                                   0x200002fe   Data           2  tcp_in.o(.data)
    recv_flags                               0x20000300   Data           1  tcp_in.o(.data)
    recv_data                                0x20000304   Data           4  tcp_in.o(.data)
    .data                                    0x2000030c   Section       12  timers.o(.data)
    next_timeout                             0x2000030c   Data           4  timers.o(.data)
    timeouts_last_time                       0x20000310   Data           4  timers.o(.data)
    tcpip_tcp_timer_active                   0x20000314   Data           4  timers.o(.data)
    .data                                    0x20000318   Section        8  udp.o(.data)
    udp_port                                 0x20000318   Data           2  udp.o(.data)
    .data                                    0x20000320   Section       18  ip.o(.data)
    ip_id                                    0x20000330   Data           2  ip.o(.data)
    .data                                    0x20000334   Section        6  ip_frag.o(.data)
    reassdatagrams                           0x20000334   Data           4  ip_frag.o(.data)
    ip_reass_pbufcount                       0x20000338   Data           2  ip_frag.o(.data)
    .data                                    0x2000033a   Section       20  stm32f10x_rcc.o(.data)
    APBAHBPrescTable                         0x2000033a   Data          16  stm32f10x_rcc.o(.data)
    ADCPrescTable                            0x2000034a   Data           4  stm32f10x_rcc.o(.data)
    .data                                    0x20000350   Section        4  rand.o(.data)
    _rand_state                              0x20000350   Data           4  rand.o(.data)
    .bss                                     0x20000358   Section     3200  usart2.o(.bss)
    .bss                                     0x20000fd8   Section      256  auth.o(.bss)
    peer_authname                            0x20000fd8   Data         256  auth.o(.bss)
    .bss                                     0x200010d8   Section      176  chap.o(.bss)
    .bss                                     0x20001188   Section      184  ipcp.o(.bss)
    .bss                                     0x20001240   Section     1684  lcp.o(.bss)
    lcp_fsm                                  0x20001240   Data          56  lcp.o(.bss)
    nak_buffer                               0x200012f8   Data        1500  lcp.o(.bss)
    .bss                                     0x200018d4   Section       48  pap.o(.bss)
    .bss                                     0x20001904   Section     2748  ppp.o(.bss)
    pppControl                               0x20001904   Data         208  ppp.o(.bss)
    .bss                                     0x200023c0   Section     1635  dns.o(.bss)
    dns_table                                0x200023c0   Data        1120  dns.o(.bss)
    dns_payload_buffer                       0x20002820   Data         515  dns.o(.bss)
    .bss                                     0x20002a23   Section    10260  mem.o(.bss)
    .bss                                     0x20005238   Section      120  stats.o(.bss)
    .bss                                     0x200052b0   Section       20  tcp_in.o(.bss)
    inseg                                    0x200052b0   Data          20  tcp_in.o(.bss)
    STACK                                    0x200052c8   Section     1024  startup_stm32f10x_hd.o(STACK)

    Global Symbols

    Symbol Name                              Value     Ov Type        Size  Object(Section)

    BuildAttributes$$THM_ISAv4$P$D$K$B$S$PE$A:L22UL41UL21$X:L11$S22US41US21$IEEE1$IW$USESV6$~STKCKD$USESV7$~SHL$OSPACE$ROPI$EBA8$MICROLIB$REQ8$PRES8$EABIv2 0x00000000   Number         0  anon$$obj.o ABSOLUTE
    __ARM_use_no_argv                        0x00000000   Number         0  main.o ABSOLUTE
    __use_no_errno                           0x00000000   Number         0  useno.o ABSOLUTE
    __use_no_exception_handling              0x00000000   Number         0  useno.o ABSOLUTE
    __use_no_fp                              0x00000000   Number         0  useno.o ABSOLUTE
    __use_no_heap                            0x00000000   Number         0  useno.o ABSOLUTE
    __use_no_heap_region                     0x00000000   Number         0  useno.o ABSOLUTE
    __use_no_semihosting                     0x00000000   Number         0  useno.o ABSOLUTE
    __use_no_semihosting_swi                 0x00000000   Number         0  useno.o ABSOLUTE
    __use_no_signal_handling                 0x00000000   Number         0  useno.o ABSOLUTE
    _printf_a                                0x00000000   Number         0  stubs.o ABSOLUTE
    _printf_c                                0x00000000   Number         0  stubs.o ABSOLUTE
    _printf_charcount                        0x00000000   Number         0  stubs.o ABSOLUTE
    _printf_d                                0x00000000   Number         0  stubs.o ABSOLUTE
    _printf_e                                0x00000000   Number         0  stubs.o ABSOLUTE
    _printf_f                                0x00000000   Number         0  stubs.o ABSOLUTE
    _printf_flags                            0x00000000   Number         0  stubs.o ABSOLUTE
    _printf_fp_dec                           0x00000000   Number         0  stubs.o ABSOLUTE
    _printf_fp_hex                           0x00000000   Number         0  stubs.o ABSOLUTE
    _printf_g                                0x00000000   Number         0  stubs.o ABSOLUTE
    _printf_i                                0x00000000   Number         0  stubs.o ABSOLUTE
    _printf_int_dec                          0x00000000   Number         0  stubs.o ABSOLUTE
    _printf_l                                0x00000000   Number         0  stubs.o ABSOLUTE
    _printf_lc                               0x00000000   Number         0  stubs.o ABSOLUTE
    _printf_ll                               0x00000000   Number         0  stubs.o ABSOLUTE
    _printf_lld                              0x00000000   Number         0  stubs.o ABSOLUTE
    _printf_lli                              0x00000000   Number         0  stubs.o ABSOLUTE
    _printf_llo                              0x00000000   Number         0  stubs.o ABSOLUTE
    _printf_llu                              0x00000000   Number         0  stubs.o ABSOLUTE
    _printf_llx                              0x00000000   Number         0  stubs.o ABSOLUTE
    _printf_longlong_dec                     0x00000000   Number         0  stubs.o ABSOLUTE
    _printf_longlong_hex                     0x00000000   Number         0  stubs.o ABSOLUTE
    _printf_longlong_oct                     0x00000000   Number         0  stubs.o ABSOLUTE
    _printf_ls                               0x00000000   Number         0  stubs.o ABSOLUTE
    _printf_mbtowc                           0x00000000   Number         0  stubs.o ABSOLUTE
    _printf_n                                0x00000000   Number         0  stubs.o ABSOLUTE
    _printf_o                                0x00000000   Number         0  stubs.o ABSOLUTE
    _printf_p                                0x00000000   Number         0  stubs.o ABSOLUTE
    _printf_percent                          0x00000000   Number         0  stubs.o ABSOLUTE
    _printf_pre_padding                      0x00000000   Number         0  stubs.o ABSOLUTE
    _printf_return_value                     0x00000000   Number         0  stubs.o ABSOLUTE
    _printf_s                                0x00000000   Number         0  stubs.o ABSOLUTE
    _printf_sizespec                         0x00000000   Number         0  stubs.o ABSOLUTE
    _printf_str                              0x00000000   Number         0  stubs.o ABSOLUTE
    _printf_truncate_signed                  0x00000000   Number         0  stubs.o ABSOLUTE
    _printf_truncate_unsigned                0x00000000   Number         0  stubs.o ABSOLUTE
    _printf_u                                0x00000000   Number         0  stubs.o ABSOLUTE
    _printf_wc                               0x00000000   Number         0  stubs.o ABSOLUTE
    _printf_wctomb                           0x00000000   Number         0  stubs.o ABSOLUTE
    _printf_widthprec                        0x00000000   Number         0  stubs.o ABSOLUTE
    _printf_x                                0x00000000   Number         0  stubs.o ABSOLUTE
    __cpp_initialize__aeabi_                  - Undefined Weak Reference
    __cxa_finalize                            - Undefined Weak Reference
    _clock_init                               - Undefined Weak Reference
    _microlib_exit                            - Undefined Weak Reference
    __Vectors_Size                           0x00000130   Number         0  startup_stm32f10x_hd.o ABSOLUTE
    __Vectors                                0x08000000   Data           4  startup_stm32f10x_hd.o(RESET)
    __Vectors_End                            0x08000130   Data           0  startup_stm32f10x_hd.o(RESET)
    __main                                   0x08000131   Thumb Code     0  entry.o(.ARM.Collect$$$$00000000)
    _main_stk                                0x08000131   Thumb Code     0  entry2.o(.ARM.Collect$$$$00000001)
    _main_scatterload                        0x08000135   Thumb Code     0  entry5.o(.ARM.Collect$$$$00000004)
    __main_after_scatterload                 0x08000139   Thumb Code     0  entry5.o(.ARM.Collect$$$$00000004)
    _main_clock                              0x08000139   Thumb Code     0  entry7b.o(.ARM.Collect$$$$00000008)
    _main_cpp_init                           0x08000139   Thumb Code     0  entry8b.o(.ARM.Collect$$$$0000000A)
    _main_init                               0x08000139   Thumb Code     0  entry9a.o(.ARM.Collect$$$$0000000B)
    __rt_final_cpp                           0x08000141   Thumb Code     0  entry10a.o(.ARM.Collect$$$$0000000D)
    __rt_final_exit                          0x08000141   Thumb Code     0  entry11a.o(.ARM.Collect$$$$0000000F)
    Reset_Handler                            0x08000145   Thumb Code     8  startup_stm32f10x_hd.o(.text)
    NMI_Handler                              0x0800014d   Thumb Code     2  startup_stm32f10x_hd.o(.text)
    HardFault_Handler                        0x0800014f   Thumb Code     2  startup_stm32f10x_hd.o(.text)
    MemManage_Handler                        0x08000151   Thumb Code     2  startup_stm32f10x_hd.o(.text)
    BusFault_Handler                         0x08000153   Thumb Code     2  startup_stm32f10x_hd.o(.text)
    UsageFault_Handler                       0x08000155   Thumb Code     2  startup_stm32f10x_hd.o(.text)
    SVC_Handler                              0x08000157   Thumb Code     2  startup_stm32f10x_hd.o(.text)
    DebugMon_Handler                         0x08000159   Thumb Code     2  startup_stm32f10x_hd.o(.text)
    PendSV_Handler                           0x0800015b   Thumb Code     2  startup_stm32f10x_hd.o(.text)
    SysTick_Handler                          0x0800015d   Thumb Code     2  startup_stm32f10x_hd.o(.text)
    ADC1_2_IRQHandler                        0x0800015f   Thumb Code     0  startup_stm32f10x_hd.o(.text)
    ADC3_IRQHandler                          0x0800015f   Thumb Code     0  startup_stm32f10x_hd.o(.text)
    CAN1_RX1_IRQHandler                      0x0800015f   Thumb Code     0  startup_stm32f10x_hd.o(.text)
    CAN1_SCE_IRQHandler                      0x0800015f   Thumb Code     0  startup_stm32f10x_hd.o(.text)
    DMA1_Channel1_IRQHandler                 0x0800015f   Thumb Code     0  startup_stm32f10x_hd.o(.text)
    DMA1_Channel2_IRQHandler                 0x0800015f   Thumb Code     0  startup_stm32f10x_hd.o(.text)
    DMA1_Channel3_IRQHandler                 0x0800015f   Thumb Code     0  startup_stm32f10x_hd.o(.text)
    DMA1_Channel4_IRQHandler                 0x0800015f   Thumb Code     0  startup_stm32f10x_hd.o(.text)
    DMA1_Channel5_IRQHandler                 0x0800015f   Thumb Code     0  startup_stm32f10x_hd.o(.text)
    DMA1_Channel6_IRQHandler                 0x0800015f   Thumb Code     0  startup_stm32f10x_hd.o(.text)
    DMA1_Channel7_IRQHandler                 0x0800015f   Thumb Code     0  startup_stm32f10x_hd.o(.text)
    DMA2_Channel1_IRQHandler                 0x0800015f   Thumb Code     0  startup_stm32f10x_hd.o(.text)
    DMA2_Channel2_IRQHandler                 0x0800015f   Thumb Code     0  startup_stm32f10x_hd.o(.text)
    DMA2_Channel3_IRQHandler                 0x0800015f   Thumb Code     0  startup_stm32f10x_hd.o(.text)
    DMA2_Channel4_5_IRQHandler               0x0800015f   Thumb Code     0  startup_stm32f10x_hd.o(.text)
    EXTI0_IRQHandler                         0x0800015f   Thumb Code     0  startup_stm32f10x_hd.o(.text)
    EXTI15_10_IRQHandler                     0x0800015f   Thumb Code     0  startup_stm32f10x_hd.o(.text)
    EXTI2_IRQHandler                         0x0800015f   Thumb Code     0  startup_stm32f10x_hd.o(.text)
    EXTI9_5_IRQHandler                       0x0800015f   Thumb Code     0  startup_stm32f10x_hd.o(.text)
    FLASH_IRQHandler                         0x0800015f   Thumb Code     0  startup_stm32f10x_hd.o(.text)
    FSMC_IRQHandler                          0x0800015f   Thumb Code     0  startup_stm32f10x_hd.o(.text)
    I2C1_ER_IRQHandler                       0x0800015f   Thumb Code     0  startup_stm32f10x_hd.o(.text)
    I2C1_EV_IRQHandler                       0x0800015f   Thumb Code     0  startup_stm32f10x_hd.o(.text)
    I2C2_ER_IRQHandler                       0x0800015f   Thumb Code     0  startup_stm32f10x_hd.o(.text)
    I2C2_EV_IRQHandler                       0x0800015f   Thumb Code     0  startup_stm32f10x_hd.o(.text)
    PVD_IRQHandler                           0x0800015f   Thumb Code     0  startup_stm32f10x_hd.o(.text)
    RCC_IRQHandler                           0x0800015f   Thumb Code     0  startup_stm32f10x_hd.o(.text)
    RTCAlarm_IRQHandler                      0x0800015f   Thumb Code     0  startup_stm32f10x_hd.o(.text)
    RTC_IRQHandler                           0x0800015f   Thumb Code     0  startup_stm32f10x_hd.o(.text)
    SDIO_IRQHandler                          0x0800015f   Thumb Code     0  startup_stm32f10x_hd.o(.text)
    SPI1_IRQHandler                          0x0800015f   Thumb Code     0  startup_stm32f10x_hd.o(.text)
    SPI2_IRQHandler                          0x0800015f   Thumb Code     0  startup_stm32f10x_hd.o(.text)
    SPI3_IRQHandler                          0x0800015f   Thumb Code     0  startup_stm32f10x_hd.o(.text)
    TAMPER_IRQHandler                        0x0800015f   Thumb Code     0  startup_stm32f10x_hd.o(.text)
    TIM1_BRK_IRQHandler                      0x0800015f   Thumb Code     0  startup_stm32f10x_hd.o(.text)
    TIM1_CC_IRQHandler                       0x0800015f   Thumb Code     0  startup_stm32f10x_hd.o(.text)
    TIM1_TRG_COM_IRQHandler                  0x0800015f   Thumb Code     0  startup_stm32f10x_hd.o(.text)
    TIM1_UP_IRQHandler                       0x0800015f   Thumb Code     0  startup_stm32f10x_hd.o(.text)
    TIM2_IRQHandler                          0x0800015f   Thumb Code     0  startup_stm32f10x_hd.o(.text)
    TIM5_IRQHandler                          0x0800015f   Thumb Code     0  startup_stm32f10x_hd.o(.text)
    TIM6_IRQHandler                          0x0800015f   Thumb Code     0  startup_stm32f10x_hd.o(.text)
    TIM7_IRQHandler                          0x0800015f   Thumb Code     0  startup_stm32f10x_hd.o(.text)
    TIM8_BRK_IRQHandler                      0x0800015f   Thumb Code     0  startup_stm32f10x_hd.o(.text)
    TIM8_CC_IRQHandler                       0x0800015f   Thumb Code     0  startup_stm32f10x_hd.o(.text)
    TIM8_TRG_COM_IRQHandler                  0x0800015f   Thumb Code     0  startup_stm32f10x_hd.o(.text)
    TIM8_UP_IRQHandler                       0x0800015f   Thumb Code     0  startup_stm32f10x_hd.o(.text)
    UART4_IRQHandler                         0x0800015f   Thumb Code     0  startup_stm32f10x_hd.o(.text)
    UART5_IRQHandler                         0x0800015f   Thumb Code     0  startup_stm32f10x_hd.o(.text)
    USART3_IRQHandler                        0x0800015f   Thumb Code     0  startup_stm32f10x_hd.o(.text)
    USBWakeUp_IRQHandler                     0x0800015f   Thumb Code     0  startup_stm32f10x_hd.o(.text)
    USB_HP_CAN1_TX_IRQHandler                0x0800015f   Thumb Code     0  startup_stm32f10x_hd.o(.text)
    USB_LP_CAN1_RX0_IRQHandler               0x0800015f   Thumb Code     0  startup_stm32f10x_hd.o(.text)
    WWDG_IRQHandler                          0x0800015f   Thumb Code     0  startup_stm32f10x_hd.o(.text)
    rand                                     0x08000169   Thumb Code    20  rand.o(.text)
    srand                                    0x0800017d   Thumb Code     6  rand.o(.text)
    __aeabi_memcpy                           0x0800018d   Thumb Code    36  memcpya.o(.text)
    __aeabi_memcpy4                          0x0800018d   Thumb Code     0  memcpya.o(.text)
    __aeabi_memcpy8                          0x0800018d   Thumb Code     0  memcpya.o(.text)
    __aeabi_memset                           0x080001b1   Thumb Code    14  memseta.o(.text)
    __aeabi_memset4                          0x080001b1   Thumb Code     0  memseta.o(.text)
    __aeabi_memset8                          0x080001b1   Thumb Code     0  memseta.o(.text)
    __aeabi_memclr                           0x080001bf   Thumb Code     4  memseta.o(.text)
    __aeabi_memclr4                          0x080001bf   Thumb Code     0  memseta.o(.text)
    __aeabi_memclr8                          0x080001bf   Thumb Code     0  memseta.o(.text)
    _memset$wrapper                          0x080001c3   Thumb Code    18  memseta.o(.text)
    strncpy                                  0x080001d5   Thumb Code    24  strncpy.o(.text)
    strlen                                   0x080001ed   Thumb Code    14  strlen.o(.text)
    strcmp                                   0x080001fb   Thumb Code    28  strcmp.o(.text)
    memcmp                                   0x08000217   Thumb Code    26  memcmp.o(.text)
    strcpy                                   0x08000231   Thumb Code    18  strcpy.o(.text)
    __aeabi_uidiv                            0x08000243   Thumb Code     0  uidiv.o(.text)
    __aeabi_uidivmod                         0x08000243   Thumb Code    44  uidiv.o(.text)
    __scatterload                            0x08000271   Thumb Code    28  init.o(.text)
    __scatterload_rt2                        0x08000271   Thumb Code     0  init.o(.text)
    __decompress                             0x08000295   Thumb Code     0  __dczerorl2.o(.text)
    __decompress1                            0x08000295   Thumb Code    86  __dczerorl2.o(.text)
    ChapAuthPeer                             0x080002ed   Thumb Code    68  chap.o(i.ChapAuthPeer)
    ChapAuthWithPeer                         0x08000335   Thumb Code    50  chap.o(i.ChapAuthWithPeer)
    EXIT_init                                0x08000ba1   Thumb Code   120  nvic.o(i.EXIT_init)
    EXTI1_IRQHandler                         0x08000c19   Thumb Code    98  nvic.o(i.EXTI1_IRQHandler)
    EXTI3_IRQHandler                         0x08000c91   Thumb Code    18  nvic.o(i.EXTI3_IRQHandler)
    EXTI4_IRQHandler                         0x08000ca5   Thumb Code    36  nvic.o(i.EXTI4_IRQHandler)
    EXTI_ClearITPendingBit                   0x08000cd5   Thumb Code     6  stm32f10x_exti.o(i.EXTI_ClearITPendingBit)
    EXTI_GenerateSWInterrupt                 0x08000ce1   Thumb Code    12  stm32f10x_exti.o(i.EXTI_GenerateSWInterrupt)
    EXTI_GetITStatus                         0x08000cf1   Thumb Code    34  stm32f10x_exti.o(i.EXTI_GetITStatus)
    EXTI_Init                                0x08000d19   Thumb Code   142  stm32f10x_exti.o(i.EXTI_Init)
    GPIO_Init                                0x08000dad   Thumb Code   278  stm32f10x_gpio.o(i.GPIO_Init)
    GPIO_SetBits                             0x08000ec3   Thumb Code     4  stm32f10x_gpio.o(i.GPIO_SetBits)
    GetMask                                  0x08000ec9   Thumb Code    60  ppp.o(i.GetMask)
    KEY_Init                                 0x08000f0d   Thumb Code   116  key.o(i.KEY_Init)
    KEY_Scan                                 0x08000f8d   Thumb Code   120  key.o(i.KEY_Scan)
    LED_Init                                 0x08001011   Thumb Code    72  led.o(i.LED_Init)
    MD5Final                                 0x080011f9   Thumb Code   218  md5.o(i.MD5Final)
    MD5Init                                  0x080012d9   Thumb Code    26  md5.o(i.MD5Init)
    MD5Update                                0x080012fd   Thumb Code   172  md5.o(i.MD5Update)
    NVIC_Configuration                       0x080013a9   Thumb Code    12  nvic.o(i.NVIC_Configuration)
    NVIC_Init                                0x080013b5   Thumb Code   100  misc.o(i.NVIC_Init)
    NVIC_PriorityGroupConfig                 0x08001425   Thumb Code    10  misc.o(i.NVIC_PriorityGroupConfig)
    RCC_APB1PeriphClockCmd                   0x08001439   Thumb Code    26  stm32f10x_rcc.o(i.RCC_APB1PeriphClockCmd)
    RCC_APB1PeriphResetCmd                   0x08001459   Thumb Code    26  stm32f10x_rcc.o(i.RCC_APB1PeriphResetCmd)
    RCC_APB2PeriphClockCmd                   0x08001479   Thumb Code    26  stm32f10x_rcc.o(i.RCC_APB2PeriphClockCmd)
    RCC_APB2PeriphResetCmd                   0x08001499   Thumb Code    26  stm32f10x_rcc.o(i.RCC_APB2PeriphResetCmd)
    RCC_GetClocksFreq                        0x080014b9   Thumb Code   192  stm32f10x_rcc.o(i.RCC_GetClocksFreq)
    SystemInit                               0x08001675   Thumb Code    78  system_stm32f10x.o(i.SystemInit)
    TCP_Client_Init                          0x080016d5   Thumb Code    40  main.o(i.TCP_Client_Init)
    TIM3_IRQHandler                          0x08001709   Thumb Code    88  timer.o(i.TIM3_IRQHandler)
    TIM3_Int_Init                            0x08001775   Thumb Code    92  timer.o(i.TIM3_Int_Init)
    TIM4_IRQHandler                          0x080017d5   Thumb Code   180  timer.o(i.TIM4_IRQHandler)
    TIM4_Init                                0x080018a9   Thumb Code    90  timer.o(i.TIM4_Init)
    TIM4_Set                                 0x0800190d   Thumb Code    44  timer.o(i.TIM4_Set)
    TIM_ClearITPendingBit                    0x0800193d   Thumb Code     6  stm32f10x_tim.o(i.TIM_ClearITPendingBit)
    TIM_Cmd                                  0x08001943   Thumb Code    24  stm32f10x_tim.o(i.TIM_Cmd)
    TIM_GetITStatus                          0x0800195b   Thumb Code    34  stm32f10x_tim.o(i.TIM_GetITStatus)
    TIM_ITConfig                             0x0800197d   Thumb Code    18  stm32f10x_tim.o(i.TIM_ITConfig)
    TIM_TimeBaseInit                         0x08001991   Thumb Code   122  stm32f10x_tim.o(i.TIM_TimeBaseInit)
    TcpCli_Connected                         0x08001a35   Thumb Code    30  main.o(i.TcpCli_Connected)
    USART1_IRQHandler                        0x08002201   Thumb Code     2  usart1.o(i.USART1_IRQHandler)
    USART2_IRQHandler                        0x08002205   Thumb Code    80  usart2.o(i.USART2_IRQHandler)
    USART2_SEND                              0x08002265   Thumb Code    42  usart2.o(i.USART2_SEND)
    USART_Cmd                                0x08002295   Thumb Code    24  stm32f10x_usart.o(i.USART_Cmd)
    USART_DeInit                             0x080022ad   Thumb Code   134  stm32f10x_usart.o(i.USART_DeInit)
    USART_ITConfig                           0x08002349   Thumb Code    74  stm32f10x_usart.o(i.USART_ITConfig)
    USART_Init                               0x08002395   Thumb Code   210  stm32f10x_usart.o(i.USART_Init)
    __0printf$3                              0x0800246d   Thumb Code    22  printf3.o(i.__0printf$3)
    __1printf$3                              0x0800246d   Thumb Code     0  printf3.o(i.__0printf$3)
    __2printf                                0x0800246d   Thumb Code     0  printf3.o(i.__0printf$3)
    __scatterload_copy                       0x0800248d   Thumb Code    14  handlers.o(i.__scatterload_copy)
    __scatterload_null                       0x0800249b   Thumb Code     2  handlers.o(i.__scatterload_null)
    __scatterload_zeroinit                   0x0800249d   Thumb Code    14  handlers.o(i.__scatterload_zeroinit)
    auth_ip_addr                             0x08002665   Thumb Code    20  auth.o(i.auth_ip_addr)
    auth_peer_fail                           0x0800267d   Thumb Code    16  auth.o(i.auth_peer_fail)
    auth_peer_success                        0x080026a5   Thumb Code    88  auth.o(i.auth_peer_success)
    auth_reset                               0x08002705   Thumb Code   168  auth.o(i.auth_reset)
    auth_withpeer_fail                       0x080027c1   Thumb Code    48  auth.o(i.auth_withpeer_fail)
    auth_withpeer_success                    0x08002825   Thumb Code    74  auth.o(i.auth_withpeer_success)
    avRandom                                 0x0800287d   Thumb Code    24  randm.o(i.avRandom)
    avRandomInit                             0x08002899   Thumb Code    26  randm.o(i.avRandomInit)
    avRandomize                              0x080028b9   Thumb Code    50  randm.o(i.avRandomize)
    bad_ip_adrs                              0x080028f9   Thumb Code    48  auth.o(i.bad_ip_adrs)
    check_passwd                             0x080029a1   Thumb Code    18  auth.o(i.check_passwd)
    cifaddr                                  0x080029b5   Thumb Code    72  ppp.o(i.cifaddr)
    cifdefaultroute                          0x08002a01   Thumb Code    56  ppp.o(i.cifdefaultroute)
    delay_init                               0x08002a65   Thumb Code    56  delay.o(i.delay_init)
    delay_ms                                 0x08002aa5   Thumb Code    56  delay.o(i.delay_ms)
    dns_init                                 0x08002ced   Thumb Code    82  dns.o(i.dns_init)
    dns_setserver                            0x08003115   Thumb Code    28  dns.o(i.dns_setserver)
    dns_tmr                                  0x08003159   Thumb Code    18  dns.o(i.dns_tmr)
    fputc                                    0x08003171   Thumb Code    24  usart1.o(i.fputc)
    fsm_close                                0x0800318d   Thumb Code   174  fsm.o(i.fsm_close)
    fsm_init                                 0x08003241   Thumb Code    30  fsm.o(i.fsm_init)
    fsm_input                                0x0800325f   Thumb Code   222  fsm.o(i.fsm_input)
    fsm_lowerdown                            0x0800333d   Thumb Code   112  fsm.o(i.fsm_lowerdown)
    fsm_lowerup                              0x080033b1   Thumb Code    56  fsm.o(i.fsm_lowerup)
    fsm_open                                 0x080033e9   Thumb Code   108  fsm.o(i.fsm_open)
    fsm_protreject                           0x08003455   Thumb Code   182  fsm.o(i.fsm_protreject)
    fsm_sdata                                0x08003955   Thumb Code   142  fsm.o(i.fsm_sdata)
    get_idle_time                            0x08003abd   Thumb Code     6  ppp.o(i.get_idle_time)
    get_secret                               0x08003aed   Thumb Code    78  auth.o(i.get_secret)
    inet_chksum                              0x08003b4f   Thumb Code    20  inet_chksum.o(i.inet_chksum)
    inet_chksum_pseudo                       0x08003b63   Thumb Code   170  inet_chksum.o(i.inet_chksum_pseudo)
    ip4_addr_isbroadcast                     0x08003c0d   Thumb Code    78  ip_addr.o(i.ip4_addr_isbroadcast)
    ip_frag                                  0x08003c89   Thumb Code   466  ip_frag.o(i.ip_frag)
    ip_input                                 0x08003f6d   Thumb Code   522  ip.o(i.ip_input)
    ip_output                                0x08004191   Thumb Code   104  ip.o(i.ip_output)
    ip_output_hinted                         0x08004255   Thumb Code   122  ip.o(i.ip_output_hinted)
    ip_output_if                             0x0800432d   Thumb Code   358  ip.o(i.ip_output_if)
    ip_reass                                 0x08004525   Thumb Code   460  ip_frag.o(i.ip_reass)
    ip_reass_tmr                             0x08004d81   Thumb Code    56  ip_frag.o(i.ip_reass_tmr)
    ip_route                                 0x08004dbd   Thumb Code    92  ip.o(i.ip_route)
    ipaddr_addr                              0x08004e25   Thumb Code    24  ip_addr.o(i.ipaddr_addr)
    ipaddr_aton                              0x08004e3d   Thumb Code   368  ip_addr.o(i.ipaddr_aton)
    lcp_close                                0x080067d1   Thumb Code    64  lcp.o(i.lcp_close)
    lcp_init                                 0x080069b9   Thumb Code   360  lcp.o(i.lcp_init)
    lcp_lowerdown                            0x08006b61   Thumb Code    20  lcp.o(i.lcp_lowerdown)
    lcp_lowerup                              0x08006b79   Thumb Code   152  lcp.o(i.lcp_lowerup)
    lcp_open                                 0x080070d9   Thumb Code    74  lcp.o(i.lcp_open)
    lcp_sprotrej                             0x08007a51   Thumb Code    60  lcp.o(i.lcp_sprotrej)
    link_down                                0x08007c09   Thumb Code   110  auth.o(i.link_down)
    link_established                         0x08007c99   Thumb Code   286  auth.o(i.link_established)
    link_required                            0x08007e01   Thumb Code     2  auth.o(i.link_required)
    link_terminated                          0x08007e05   Thumb Code    38  auth.o(i.link_terminated)
    lwip_htonl                               0x08007e35   Thumb Code    26  def.o(i.lwip_htonl)
    lwip_htons                               0x08007e4f   Thumb Code    12  def.o(i.lwip_htons)
    lwip_init                                0x08007e5b   Thumb Code    32  init.o(i.lwip_init)
    lwip_ntohl                               0x08007e7b   Thumb Code    12  def.o(i.lwip_ntohl)
    lwip_ntohs                               0x08007e87   Thumb Code    12  def.o(i.lwip_ntohs)
    magic                                    0x08007ef1   Thumb Code     8  magic.o(i.magic)
    magicInit                                0x08007ef9   Thumb Code     2  magic.o(i.magicInit)
    main                                     0x08007efd   Thumb Code   318  main.o(i.main)
    mem_free                                 0x08008061   Thumb Code   182  mem.o(i.mem_free)
    mem_init                                 0x080081bd   Thumb Code    74  mem.o(i.mem_init)
    mem_malloc                               0x08008219   Thumb Code   402  mem.o(i.mem_malloc)
    mem_trim                                 0x080084a1   Thumb Code   328  mem.o(i.mem_trim)
    netif_add                                0x080086b1   Thumb Code   164  netif.o(i.netif_add)
    netif_init                               0x080087bd   Thumb Code     2  netif.o(i.netif_init)
    netif_remove                             0x080087c1   Thumb Code    94  netif.o(i.netif_remove)
    netif_set_addr                           0x08008829   Thumb Code    40  netif.o(i.netif_set_addr)
    netif_set_default                        0x08008851   Thumb Code    10  netif.o(i.netif_set_default)
    netif_set_down                           0x08008861   Thumb Code    42  netif.o(i.netif_set_down)
    netif_set_gw                             0x0800888b   Thumb Code    16  netif.o(i.netif_set_gw)
    netif_set_ipaddr                         0x0800889d   Thumb Code   124  netif.o(i.netif_set_ipaddr)
    netif_set_netmask                        0x08008921   Thumb Code    16  netif.o(i.netif_set_netmask)
    netif_set_up                             0x08008931   Thumb Code    44  netif.o(i.netif_set_up)
    np_down                                  0x08008a11   Thumb Code    36  auth.o(i.np_down)
    np_finished                              0x08008a41   Thumb Code    30  auth.o(i.np_finished)
    np_up                                    0x08008a85   Thumb Code   104  auth.o(i.np_up)
    pbuf_alloc                               0x08008b05   Thumb Code   726  pbuf.o(i.pbuf_alloc)
    pbuf_alloced_custom                      0x08008f69   Thumb Code   150  pbuf.o(i.pbuf_alloced_custom)
    pbuf_cat                                 0x0800906d   Thumb Code   146  pbuf.o(i.pbuf_cat)
    pbuf_chain                               0x080091c1   Thumb Code    26  pbuf.o(i.pbuf_chain)
    pbuf_clen                                0x080091db   Thumb Code    18  pbuf.o(i.pbuf_clen)
    pbuf_copy_partial                        0x080091ed   Thumb Code   190  pbuf.o(i.pbuf_copy_partial)
    pbuf_free                                0x08009339   Thumb Code   292  pbuf.o(i.pbuf_free)
    pbuf_header                              0x08009505   Thumb Code   214  pbuf.o(i.pbuf_header)
    pbuf_realloc                             0x08009661   Thumb Code   292  pbuf.o(i.pbuf_realloc)
    pbuf_ref                                 0x08009849   Thumb Code    10  pbuf.o(i.pbuf_ref)
    pppIOCtl                                 0x08009ad9   Thumb Code   120  ppp.o(i.pppIOCtl)
    pppInit                                  0x08009d3d   Thumb Code    88  ppp.o(i.pppInit)
    pppLinkDown                              0x08009f7d   Thumb Code     2  ppp.o(i.pppLinkDown)
    pppLinkTerminated                        0x08009f81   Thumb Code    54  ppp.o(i.pppLinkTerminated)
    pppMTU                                   0x08009fbd   Thumb Code    42  ppp.o(i.pppMTU)
    pppOverSerialOpen                        0x08009fed   Thumb Code   130  ppp.o(i.pppOverSerialOpen)
    pppSetAuth                               0x0800a075   Thumb Code   194  ppp.o(i.pppSetAuth)
    pppSingleBuf                             0x0800a141   Thumb Code    74  ppp.o(i.pppSingleBuf)
    pppWrite                                 0x0800a19d   Thumb Code   210  ppp.o(i.pppWrite)
    ppp_recv_config                          0x0800a279   Thumb Code    54  ppp.o(i.ppp_recv_config)
    ppp_send_config                          0x0800a2b5   Thumb Code    62  ppp.o(i.ppp_send_config)
    ppp_set_xaccm                            0x0800a2f9   Thumb Code    34  ppp.o(i.ppp_set_xaccm)
    pppos_input                              0x0800a50d   Thumb Code    38  ppp.o(i.pppos_input)
    raw_input                                0x0800a53d   Thumb Code   102  raw.o(i.raw_input)
    sifaddr                                  0x0800a5b1   Thumb Code    76  ppp.o(i.sifaddr)
    sifdefaultroute                          0x0800a601   Thumb Code    58  ppp.o(i.sifdefaultroute)
    sifdown                                  0x0800a641   Thumb Code    78  ppp.o(i.sifdown)
    sifnpmode                                0x0800a695   Thumb Code     6  ppp.o(i.sifnpmode)
    sifup                                    0x0800a69d   Thumb Code   116  ppp.o(i.sifup)
    sifvjcomp                                0x0800a71d   Thumb Code     8  ppp.o(i.sifvjcomp)
    sio_write                                0x0800a725   Thumb Code   116  sio.o(i.sio_write)
    stats_init                               0x0800a7a1   Thumb Code     2  stats.o(i.stats_init)
    sys_jiffies                              0x0800a7a5   Thumb Code     6  sys_arch.o(i.sys_jiffies)
    sys_now                                  0x0800a7b1   Thumb Code     6  sys_arch.o(i.sys_now)
    sys_timeout                              0x0800a7bd   Thumb Code   184  timers.o(i.sys_timeout)
    sys_timeouts_init                        0x0800a909   Thumb Code    36  timers.o(i.sys_timeouts_init)
    sys_untimeout                            0x0800a939   Thumb Code    88  timers.o(i.sys_untimeout)
    tcp_abandon                              0x0800a995   Thumb Code   168  tcp.o(i.tcp_abandon)
    tcp_abort                                0x0800aac5   Thumb Code    14  tcp.o(i.tcp_abort)
    tcp_alloc                                0x0800aad5   Thumb Code   198  tcp.o(i.tcp_alloc)
    tcp_bind                                 0x0800abad   Thumb Code   168  tcp.o(i.tcp_bind)
    tcp_close                                0x0800accd   Thumb Code    28  tcp.o(i.tcp_close)
    tcp_connect                              0x0800af2d   Thumb Code   350  tcp.o(i.tcp_connect)
    tcp_eff_send_mss                         0x0800b1e9   Thumb Code    46  tcp.o(i.tcp_eff_send_mss)
    tcp_enqueue_flags                        0x0800b219   Thumb Code   522  tcp_out.o(i.tcp_enqueue_flags)
    tcp_fasttmr                              0x0800b521   Thumb Code   114  tcp.o(i.tcp_fasttmr)
    tcp_init                                 0x0800b5a1   Thumb Code     2  tcp.o(i.tcp_init)
    tcp_input                                0x0800b5a5   Thumb Code  1868  tcp_in.o(i.tcp_input)
    tcp_keepalive                            0x0800bd39   Thumb Code   118  tcp_out.o(i.tcp_keepalive)
    tcp_new                                  0x0800bfb5   Thumb Code    10  tcp.o(i.tcp_new)
    tcp_next_iss                             0x0800c029   Thumb Code    20  tcp.o(i.tcp_next_iss)
    tcp_output                               0x0800c045   Thumb Code   508  tcp_out.o(i.tcp_output)
    tcp_pcb_purge                            0x0800c6b5   Thumb Code   214  tcp.o(i.tcp_pcb_purge)
    tcp_pcb_remove                           0x0800c815   Thumb Code   200  tcp.o(i.tcp_pcb_remove)
    tcp_process_refused_data                 0x0800d005   Thumb Code   148  tcp.o(i.tcp_process_refused_data)
    tcp_recv_null                            0x0800da1d   Thumb Code    46  tcp.o(i.tcp_recv_null)
    tcp_recved                               0x0800da4d   Thumb Code   144  tcp.o(i.tcp_recved)
    tcp_rexmit                               0x0800db71   Thumb Code    90  tcp_out.o(i.tcp_rexmit)
    tcp_rexmit_fast                          0x0800dbcb   Thumb Code   120  tcp_out.o(i.tcp_rexmit_fast)
    tcp_rexmit_rto                           0x0800dc43   Thumb Code    58  tcp_out.o(i.tcp_rexmit_rto)
    tcp_rst                                  0x0800dc7d   Thumb Code   196  tcp_out.o(i.tcp_rst)
    tcp_seg_free                             0x0800ddc1   Thumb Code    24  tcp.o(i.tcp_seg_free)
    tcp_segs_free                            0x0800ddd9   Thumb Code    24  tcp.o(i.tcp_segs_free)
    tcp_send_empty_ack                       0x0800ddf1   Thumb Code   110  tcp_out.o(i.tcp_send_empty_ack)
    tcp_send_fin                             0x0800de5f   Thumb Code    74  tcp_out.o(i.tcp_send_fin)
    tcp_slowtmr                              0x0800dea9   Thumb Code  1434  tcp.o(i.tcp_slowtmr)
    tcp_timer_needed                         0x0800e4cd   Thumb Code    38  timers.o(i.tcp_timer_needed)
    tcp_tmr                                  0x0800e5b1   Thumb Code    30  tcp.o(i.tcp_tmr)
    tcp_update_rcv_ann_wnd                   0x0800e5d5   Thumb Code   110  tcp.o(i.tcp_update_rcv_ann_wnd)
    tcp_write                                0x0800e6a9   Thumb Code  1790  tcp_out.o(i.tcp_write)
    tcp_zero_window_probe                    0x0800efd1   Thumb Code   218  tcp_out.o(i.tcp_zero_window_probe)
    udp_bind                                 0x0800f0e9   Thumb Code   178  udp.o(i.udp_bind)
    udp_connect                              0x0800f1f5   Thumb Code    98  udp.o(i.udp_connect)
    udp_init                                 0x0800f25d   Thumb Code     2  udp.o(i.udp_init)
    udp_input                                0x0800f261   Thumb Code   540  udp.o(i.udp_input)
    udp_new                                  0x0800f4e9   Thumb Code    30  udp.o(i.udp_new)
    udp_recv                                 0x0800f565   Thumb Code     6  udp.o(i.udp_recv)
    udp_sendto                               0x0800f56d   Thumb Code    70  udp.o(i.udp_sendto)
    udp_sendto_if                            0x0800f5b9   Thumb Code   340  udp.o(i.udp_sendto_if)
    upap_authpeer                            0x0800f789   Thumb Code    74  pap.o(i.upap_authpeer)
    upap_authwithpeer                        0x0800f7dd   Thumb Code    72  pap.o(i.upap_authwithpeer)
    usart1_init                              0x0800fcbd   Thumb Code   158  usart1.o(i.usart1_init)
    usart2_init                              0x0800fd65   Thumb Code   152  usart2.o(i.usart2_init)
    memp_sizes                               0x08010024   Data          20  memp.o(.constdata)
    tcp_state_str                            0x08010038   Data          44  tcp.o(.constdata)
    tcp_backoff                              0x08010064   Data          13  tcp.o(.constdata)
    tcp_persist_backoff                      0x08010071   Data           7  tcp.o(.constdata)
    tcp_pcb_lists                            0x08010078   Data          16  tcp.o(.constdata)
    ip_addr_any                              0x08010088   Data           4  ip_addr.o(.constdata)
    ip_addr_broadcast                        0x0801008c   Data           4  ip_addr.o(.constdata)
    Region$$Table$$Base                      0x080101bc   Number         0  anon$$obj.o(Region$$Table)
    Region$$Table$$Limit                     0x080101dc   Number         0  anon$$obj.o(Region$$Table)
    AT_AT                                    0x20000000   Data           5  main.o(.data)
    AT_CGCLASS                               0x20000005   Data          17  main.o(.data)
    AT_CGDOCNT                               0x20000016   Data          28  main.o(.data)
    AT_ATD                                   0x20000032   Data          10  main.o(.data)
    PPP_LCP_RE                               0x2000003c   Data          30  main.o(.data)
    PPP_LCP_ACK                              0x2000005a   Data          33  main.o(.data)
    PPP_IPCP_REQ                             0x2000007b   Data          18  main.o(.data)
    usart2_flag                              0x20000090   Data           4  main.o(.data)
    pd                                       0x20000094   Data           4  main.o(.data)
    LED1_flag                                0x20000098   Data           4  main.o(.data)
    len                                      0x2000009c   Data           4  timer.o(.data)
    t                                        0x200000a0   Data           4  timer.o(.data)
    ttt                                      0x200000a4   Data           4  timer.o(.data)
    lwip_time                                0x200000a8   Data           4  timer.o(.data)
    USART1_SEND_LEN                          0x200000ac   Data           1  usart1.o(.data)
    p_usart1_send_data                       0x200000b0   Data           4  usart1.o(.data)
    USART1_RX_STA                            0x200000b4   Data           2  usart1.o(.data)
    __stdout                                 0x200000b8   Data           4  usart1.o(.data)
    USART2_SEND_LEN                          0x200000bc   Data           1  usart2.o(.data)
    p_usart2_send_data                       0x200000c0   Data           4  usart2.o(.data)
    USART2_RX_STA                            0x200000c4   Data           2  usart2.o(.data)
    USART2_RX_STA_BACKUP                     0x200000c6   Data           2  usart2.o(.data)
    chap_protent                             0x200000ec   Data          40  chap.o(.data)
    peer_mru                                 0x20000114   Data           4  fsm.o(.data)
    ipcp_protent                             0x2000015c   Data          40  ipcp.o(.data)
    lcp_phase                                0x20000184   Data           1  lcp.o(.data)
    lcp_protent                              0x200001d8   Data          40  lcp.o(.data)
    lcp_loopbackfail                         0x20000200   Data           4  lcp.o(.data)
    pap_protent                              0x20000244   Data          40  pap.o(.data)
    subnetMask                               0x2000026c   Data           4  ppp.o(.data)
    ppp_protocols                            0x20000270   Data          20  ppp.o(.data)
    netif_list                               0x200002b8   Data           4  netif.o(.data)
    netif_default                            0x200002bc   Data           4  netif.o(.data)
    tcp_ticks                                0x200002cc   Data           4  tcp.o(.data)
    tcp_bound_pcbs                           0x200002d0   Data           4  tcp.o(.data)
    tcp_listen_pcbs                          0x200002d4   Data           4  tcp.o(.data)
    tcp_active_pcbs                          0x200002d8   Data           4  tcp.o(.data)
    tcp_tw_pcbs                              0x200002dc   Data           4  tcp.o(.data)
    tcp_tmp_pcb                              0x200002e0   Data           4  tcp.o(.data)
    tcp_active_pcbs_changed                  0x200002e4   Data           1  tcp.o(.data)
    tcp_input_pcb                            0x20000308   Data           4  tcp_in.o(.data)
    udp_pcbs                                 0x2000031c   Data           4  udp.o(.data)
    current_netif                            0x20000320   Data           4  ip.o(.data)
    current_header                           0x20000324   Data           4  ip.o(.data)
    current_iphdr_src                        0x20000328   Data           4  ip.o(.data)
    current_iphdr_dest                       0x2000032c   Data           4  ip.o(.data)
    USART2_TX_BUF                            0x20000358   Data        1600  usart2.o(.bss)
    USART2_RX_BUF                            0x20000998   Data        1600  usart2.o(.bss)
    chap                                     0x200010d8   Data         176  chap.o(.bss)
    ipcp_wantoptions                         0x20001188   Data          32  ipcp.o(.bss)
    ipcp_gotoptions                          0x200011a8   Data          32  ipcp.o(.bss)
    ipcp_allowoptions                        0x200011c8   Data          32  ipcp.o(.bss)
    ipcp_hisoptions                          0x200011e8   Data          32  ipcp.o(.bss)
    ipcp_fsm                                 0x20001208   Data          56  ipcp.o(.bss)
    lcp_wantoptions                          0x20001278   Data          24  lcp.o(.bss)
    lcp_gotoptions                           0x20001290   Data          24  lcp.o(.bss)
    lcp_allowoptions                         0x200012a8   Data          24  lcp.o(.bss)
    lcp_hisoptions                           0x200012c0   Data          24  lcp.o(.bss)
    xmit_accm                                0x200012d8   Data          32  lcp.o(.bss)
    upap                                     0x200018d4   Data          48  pap.o(.bss)
    outpacket_buf                            0x200019d4   Data        1504  ppp.o(.bss)
    ppp_settings                             0x20001fb4   Data        1036  ppp.o(.bss)
    ram_heap                                 0x20002a23   Data       10260  mem.o(.bss)
    lwip_stats                               0x20005238   Data         120  stats.o(.bss)
    __initial_sp                             0x200056c8   Data           0  startup_stm32f10x_hd.o(STACK)



==============================================================================

Memory Map of the image

  Image Entry point : 0x08000131

  Load Region LR_IROM1 (Base: 0x08000000, Size: 0x00010530, Max: 0x00040000, ABSOLUTE, COMPRESSED[0x00010354])

    Execution Region ER_IROM1 (Base: 0x08000000, Size: 0x000101dc, Max: 0x00040000, ABSOLUTE)

    Base Addr    Size         Type   Attr      Idx    E Section Name        Object

    0x08000000   0x00000130   Data   RO         3638    RESET               startup_stm32f10x_hd.o
    0x08000130   0x00000000   Code   RO         4893  * .ARM.Collect$$$$00000000  mc_w.l(entry.o)
    0x08000130   0x00000004   Code   RO         5180    .ARM.Collect$$$$00000001  mc_w.l(entry2.o)
    0x08000134   0x00000004   Code   RO         5183    .ARM.Collect$$$$00000004  mc_w.l(entry5.o)
    0x08000138   0x00000000   Code   RO         5185    .ARM.Collect$$$$00000008  mc_w.l(entry7b.o)
    0x08000138   0x00000000   Code   RO         5187    .ARM.Collect$$$$0000000A  mc_w.l(entry8b.o)
    0x08000138   0x00000008   Code   RO         5188    .ARM.Collect$$$$0000000B  mc_w.l(entry9a.o)
    0x08000140   0x00000000   Code   RO         5190    .ARM.Collect$$$$0000000D  mc_w.l(entry10a.o)
    0x08000140   0x00000000   Code   RO         5192    .ARM.Collect$$$$0000000F  mc_w.l(entry11a.o)
    0x08000140   0x00000004   Code   RO         5181    .ARM.Collect$$$$00002712  mc_w.l(entry2.o)
    0x08000144   0x00000024   Code   RO         3639    .text               startup_stm32f10x_hd.o
    0x08000168   0x00000024   Code   RO         4898    .text               mc_w.l(rand.o)
    0x0800018c   0x00000024   Code   RO         4903    .text               mc_w.l(memcpya.o)
    0x080001b0   0x00000024   Code   RO         4905    .text               mc_w.l(memseta.o)
    0x080001d4   0x00000018   Code   RO         4907    .text               mc_w.l(strncpy.o)
    0x080001ec   0x0000000e   Code   RO         4909    .text               mc_w.l(strlen.o)
    0x080001fa   0x0000001c   Code   RO         4911    .text               mc_w.l(strcmp.o)
    0x08000216   0x0000001a   Code   RO         4913    .text               mc_w.l(memcmp.o)
    0x08000230   0x00000012   Code   RO         4915    .text               mc_w.l(strcpy.o)
    0x08000242   0x0000002c   Code   RO         5194    .text               mc_w.l(uidiv.o)
    0x0800026e   0x00000002   PAD
    0x08000270   0x00000024   Code   RO         5209    .text               mc_w.l(init.o)
    0x08000294   0x00000056   Code   RO         5227    .text               mc_w.l(__dczerorl2.o)
    0x080002ea   0x00000002   PAD
    0x080002ec   0x00000048   Code   RO          828    i.ChapAuthPeer      chap.o
    0x08000334   0x00000038   Code   RO          829    i.ChapAuthWithPeer  chap.o
    0x0800036c   0x00000036   Code   RO          830    i.ChapChallengeTimeout  chap.o
    0x080003a2   0x00000002   PAD
    0x080003a4   0x000000c8   Code   RO          831    i.ChapGenChallenge  chap.o
    0x0800046c   0x00000030   Code   RO          832    i.ChapInit          chap.o
    0x0800049c   0x000000a4   Code   RO          833    i.ChapInput         chap.o
    0x08000540   0x00000060   Code   RO          834    i.ChapLowerDown     chap.o
    0x080005a0   0x0000004c   Code   RO          835    i.ChapLowerUp       chap.o
    0x080005ec   0x00000048   Code   RO          836    i.ChapProtocolReject  chap.o
    0x08000634   0x0000011c   Code   RO          837    i.ChapReceiveChallenge  chap.o
    0x08000750   0x00000030   Code   RO          838    i.ChapReceiveFailure  chap.o
    0x08000780   0x00000168   Code   RO          839    i.ChapReceiveResponse  chap.o
    0x080008e8   0x0000003c   Code   RO          840    i.ChapReceiveSuccess  chap.o
    0x08000924   0x00000022   Code   RO          841    i.ChapRechallenge   chap.o
    0x08000946   0x00000018   Code   RO          842    i.ChapResponseTimeout  chap.o
    0x0800095e   0x00000002   PAD
    0x08000960   0x000000bc   Code   RO          843    i.ChapSendChallenge  chap.o
    0x08000a1c   0x000000c4   Code   RO          844    i.ChapSendResponse  chap.o
    0x08000ae0   0x000000c0   Code   RO          845    i.ChapSendStatus    chap.o
    0x08000ba0   0x00000078   Code   RO          238    i.EXIT_init         nvic.o
    0x08000c18   0x00000078   Code   RO          239    i.EXTI1_IRQHandler  nvic.o
    0x08000c90   0x00000012   Code   RO          240    i.EXTI3_IRQHandler  nvic.o
    0x08000ca2   0x00000002   PAD
    0x08000ca4   0x00000030   Code   RO          241    i.EXTI4_IRQHandler  nvic.o
    0x08000cd4   0x0000000c   Code   RO         3741    i.EXTI_ClearITPendingBit  stm32f10x_exti.o
    0x08000ce0   0x00000010   Code   RO         3743    i.EXTI_GenerateSWInterrupt  stm32f10x_exti.o
    0x08000cf0   0x00000028   Code   RO         3745    i.EXTI_GetITStatus  stm32f10x_exti.o
    0x08000d18   0x00000094   Code   RO         3746    i.EXTI_Init         stm32f10x_exti.o
    0x08000dac   0x00000116   Code   RO         3812    i.GPIO_Init         stm32f10x_gpio.o
    0x08000ec2   0x00000004   Code   RO         3820    i.GPIO_SetBits      stm32f10x_gpio.o
    0x08000ec6   0x00000002   PAD
    0x08000ec8   0x00000044   Code   RO         1557    i.GetMask           ppp.o
    0x08000f0c   0x00000080   Code   RO          479    i.KEY_Init          key.o
    0x08000f8c   0x00000084   Code   RO          480    i.KEY_Scan          key.o
    0x08001010   0x00000050   Code   RO          211    i.LED_Init          led.o
    0x08001060   0x000000cc   Code   RO         1214    i.LcpEchoCheck      lcp.o
    0x0800112c   0x0000001c   Code   RO         1215    i.LcpEchoTimeout    lcp.o
    0x08001148   0x00000028   Code   RO         1216    i.LcpLinkFailure    lcp.o
    0x08001170   0x00000088   Code   RO         1217    i.LcpSendEchoRequest  lcp.o
    0x080011f8   0x000000e0   Code   RO         1416    i.MD5Final          md5.o
    0x080012d8   0x00000024   Code   RO         1417    i.MD5Init           md5.o
    0x080012fc   0x000000ac   Code   RO         1418    i.MD5Update         md5.o
    0x080013a8   0x0000000c   Code   RO          242    i.NVIC_Configuration  nvic.o
    0x080013b4   0x00000070   Code   RO         3692    i.NVIC_Init         misc.o
    0x08001424   0x00000014   Code   RO         3693    i.NVIC_PriorityGroupConfig  misc.o
    0x08001438   0x00000020   Code   RO         3934    i.RCC_APB1PeriphClockCmd  stm32f10x_rcc.o
    0x08001458   0x00000020   Code   RO         3935    i.RCC_APB1PeriphResetCmd  stm32f10x_rcc.o
    0x08001478   0x00000020   Code   RO         3936    i.RCC_APB2PeriphClockCmd  stm32f10x_rcc.o
    0x08001498   0x00000020   Code   RO         3937    i.RCC_APB2PeriphResetCmd  stm32f10x_rcc.o
    0x080014b8   0x000000d4   Code   RO         3944    i.RCC_GetClocksFreq  stm32f10x_rcc.o
    0x0800158c   0x00000008   Code   RO         3646    i.SetSysClock       system_stm32f10x.o
    0x08001594   0x000000e0   Code   RO         3647    i.SetSysClockTo72   system_stm32f10x.o
    0x08001674   0x00000060   Code   RO         3649    i.SystemInit        system_stm32f10x.o
    0x080016d4   0x00000034   Code   RO            4    i.TCP_Client_Init   main.o
    0x08001708   0x0000006c   Code   RO          295    i.TIM3_IRQHandler   timer.o
    0x08001774   0x00000060   Code   RO          296    i.TIM3_Int_Init     timer.o
    0x080017d4   0x000000d4   Code   RO          297    i.TIM4_IRQHandler   timer.o
    0x080018a8   0x00000064   Code   RO          298    i.TIM4_Init         timer.o
    0x0800190c   0x00000030   Code   RO          299    i.TIM4_Set          timer.o
    0x0800193c   0x00000006   Code   RO         4155    i.TIM_ClearITPendingBit  stm32f10x_tim.o
    0x08001942   0x00000018   Code   RO         4160    i.TIM_Cmd           stm32f10x_tim.o
    0x0800195a   0x00000022   Code   RO         4181    i.TIM_GetITStatus   stm32f10x_tim.o
    0x0800197c   0x00000012   Code   RO         4185    i.TIM_ITConfig      stm32f10x_tim.o
    0x0800198e   0x00000002   PAD
    0x08001990   0x000000a4   Code   RO         4231    i.TIM_TimeBaseInit  stm32f10x_tim.o
    0x08001a34   0x00000024   Code   RO            5    i.TcpCli_Connected  main.o
    0x08001a58   0x000007a8   Code   RO         1419    i.Transform         md5.o
    0x08002200   0x00000002   Code   RO          365    i.USART1_IRQHandler  usart1.o
    0x08002202   0x00000002   PAD
    0x08002204   0x00000060   Code   RO          429    i.USART2_IRQHandler  usart2.o
    0x08002264   0x00000030   Code   RO          430    i.USART2_SEND       usart2.o
    0x08002294   0x00000018   Code   RO         4708    i.USART_Cmd         stm32f10x_usart.o
    0x080022ac   0x0000009c   Code   RO         4710    i.USART_DeInit      stm32f10x_usart.o
    0x08002348   0x0000004a   Code   RO         4714    i.USART_ITConfig    stm32f10x_usart.o
    0x08002392   0x00000002   PAD
    0x08002394   0x000000d8   Code   RO         4715    i.USART_Init        stm32f10x_usart.o
    0x0800246c   0x00000020   Code   RO         5008    i.__0printf$3       mc_w.l(printf3.o)
    0x0800248c   0x0000000e   Code   RO         5221    i.__scatterload_copy  mc_w.l(handlers.o)
    0x0800249a   0x00000002   Code   RO         5222    i.__scatterload_null  mc_w.l(handlers.o)
    0x0800249c   0x0000000e   Code   RO         5223    i.__scatterload_zeroinit  mc_w.l(handlers.o)
    0x080024aa   0x00000002   PAD
    0x080024ac   0x000001b8   Code   RO         5015    i._printf_core      mc_w.l(printf3.o)
    0x08002664   0x00000018   Code   RO          633    i.auth_ip_addr      auth.o
    0x0800267c   0x00000028   Code   RO          634    i.auth_peer_fail    auth.o
    0x080026a4   0x00000060   Code   RO          635    i.auth_peer_success  auth.o
    0x08002704   0x000000bc   Code   RO          636    i.auth_reset        auth.o
    0x080027c0   0x00000064   Code   RO          637    i.auth_withpeer_fail  auth.o
    0x08002824   0x00000058   Code   RO          638    i.auth_withpeer_success  auth.o
    0x0800287c   0x0000001c   Code   RO         1844    i.avRandom          randm.o
    0x08002898   0x00000020   Code   RO         1845    i.avRandomInit      randm.o
    0x080028b8   0x00000040   Code   RO         1846    i.avRandomize       randm.o
    0x080028f8   0x00000030   Code   RO          639    i.bad_ip_adrs       auth.o
    0x08002928   0x00000078   Code   RO          640    i.check_idle        auth.o
    0x080029a0   0x00000012   Code   RO          641    i.check_passwd      auth.o
    0x080029b2   0x00000002   PAD
    0x080029b4   0x0000004c   Code   RO         1558    i.cifaddr           ppp.o
    0x08002a00   0x0000003c   Code   RO         1559    i.cifdefaultroute   ppp.o
    0x08002a3c   0x00000028   Code   RO          642    i.connect_time_expired  auth.o
    0x08002a64   0x00000040   Code   RO          513    i.delay_init        delay.o
    0x08002aa4   0x0000003c   Code   RO          514    i.delay_ms          delay.o
    0x08002ae0   0x00000016   Code   RO         1960    i.dns_check_entries  dns.o
    0x08002af6   0x00000002   PAD
    0x08002af8   0x000001b8   Code   RO         1961    i.dns_check_entry   dns.o
    0x08002cb0   0x0000003c   Code   RO         1962    i.dns_compare_name  dns.o
    0x08002cec   0x00000078   Code   RO         1966    i.dns_init          dns.o
    0x08002d64   0x0000002a   Code   RO         1968    i.dns_parse_name    dns.o
    0x08002d8e   0x00000002   PAD
    0x08002d90   0x00000188   Code   RO         1969    i.dns_recv          dns.o
    0x08002f18   0x000001fc   Code   RO         1970    i.dns_send          dns.o
    0x08003114   0x00000024   Code   RO         1971    i.dns_setserver     dns.o
    0x08003138   0x00000020   Code   RO         3027    i.dns_timer         timers.o
    0x08003158   0x00000018   Code   RO         1972    i.dns_tmr           dns.o
    0x08003170   0x0000001c   Code   RO          368    i.fputc             usart1.o
    0x0800318c   0x000000b4   Code   RO          976    i.fsm_close         fsm.o
    0x08003240   0x0000001e   Code   RO          977    i.fsm_init          fsm.o
    0x0800325e   0x000000de   Code   RO          978    i.fsm_input         fsm.o
    0x0800333c   0x00000074   Code   RO          979    i.fsm_lowerdown     fsm.o
    0x080033b0   0x00000038   Code   RO          980    i.fsm_lowerup       fsm.o
    0x080033e8   0x0000006c   Code   RO          981    i.fsm_open          fsm.o
    0x08003454   0x000000bc   Code   RO          982    i.fsm_protreject    fsm.o
    0x08003510   0x0000001e   Code   RO          983    i.fsm_rcoderej      fsm.o
    0x0800352e   0x00000002   PAD
    0x08003530   0x000000c8   Code   RO          984    i.fsm_rconfack      fsm.o
    0x080035f8   0x000000c8   Code   RO          985    i.fsm_rconfnakrej   fsm.o
    0x080036c0   0x000000f4   Code   RO          986    i.fsm_rconfreq      fsm.o
    0x080037b4   0x00000078   Code   RO          987    i.fsm_rtermack      fsm.o
    0x0800382c   0x00000070   Code   RO          988    i.fsm_rtermreq      fsm.o
    0x0800389c   0x000000b8   Code   RO          989    i.fsm_sconfreq      fsm.o
    0x08003954   0x00000098   Code   RO          990    i.fsm_sdata         fsm.o
    0x080039ec   0x000000d0   Code   RO          991    i.fsm_timeout       fsm.o
    0x08003abc   0x00000006   Code   RO         1560    i.get_idle_time     ppp.o
    0x08003ac2   0x00000002   PAD
    0x08003ac4   0x00000028   Code   RO          643    i.get_pap_passwd    auth.o
    0x08003aec   0x00000058   Code   RO          644    i.get_secret        auth.o
    0x08003b44   0x00000006   Code   RO          645    i.have_chap_secret  auth.o
    0x08003b4a   0x00000004   Code   RO          646    i.have_pap_secret   auth.o
    0x08003b4e   0x00000014   Code   RO         3278    i.inet_chksum       inet_chksum.o
    0x08003b62   0x000000aa   Code   RO         3280    i.inet_chksum_pseudo  inet_chksum.o
    0x08003c0c   0x0000004e   Code   RO         3400    i.ip4_addr_isbroadcast  ip_addr.o
    0x08003c5a   0x00000002   PAD
    0x08003c5c   0x0000002c   Code   RO          647    i.ip_addr_check     auth.o
    0x08003c88   0x0000024c   Code   RO         3465    i.ip_frag           ip_frag.o
    0x08003ed4   0x00000010   Code   RO         3466    i.ip_frag_alloc_pbuf_custom_ref  ip_frag.o
    0x08003ee4   0x00000088   Code   RO         3467    i.ip_frag_free_pbuf_custom_ref  ip_frag.o
    0x08003f6c   0x00000224   Code   RO         3334    i.ip_input          ip.o
    0x08004190   0x000000c4   Code   RO         3335    i.ip_output         ip.o
    0x08004254   0x000000d8   Code   RO         3336    i.ip_output_hinted  ip.o
    0x0800432c   0x000001f8   Code   RO         3337    i.ip_output_if      ip.o
    0x08004524   0x000001d8   Code   RO         3468    i.ip_reass          ip_frag.o
    0x080046fc   0x00000338   Code   RO         3469    i.ip_reass_chain_frag_into_datagram_and_validate  ip_frag.o
    0x08004a34   0x000000b4   Code   RO         3470    i.ip_reass_dequeue_datagram  ip_frag.o
    0x08004ae8   0x00000070   Code   RO         3471    i.ip_reass_enqueue_new_datagram  ip_frag.o
    0x08004b58   0x0000018c   Code   RO         3472    i.ip_reass_free_complete_datagram  ip_frag.o
    0x08004ce4   0x0000007c   Code   RO         3473    i.ip_reass_remove_oldest_datagram  ip_frag.o
    0x08004d60   0x00000020   Code   RO         3028    i.ip_reass_timer    timers.o
    0x08004d80   0x0000003c   Code   RO         3474    i.ip_reass_tmr      ip_frag.o
    0x08004dbc   0x00000068   Code   RO         3338    i.ip_route          ip.o
    0x08004e24   0x00000018   Code   RO         3402    i.ipaddr_addr       ip_addr.o
    0x08004e3c   0x000001cc   Code   RO         3403    i.ipaddr_aton       ip_addr.o
    0x08005008   0x000001f8   Code   RO         1088    i.ipcp_ackci        ipcp.o
    0x08005200   0x0000018c   Code   RO         1089    i.ipcp_addci        ipcp.o
    0x0800538c   0x00000108   Code   RO         1090    i.ipcp_cilen        ipcp.o
    0x08005494   0x00000048   Code   RO         1091    i.ipcp_clear_addrs  ipcp.o
    0x080054dc   0x0000001c   Code   RO         1092    i.ipcp_close        ipcp.o
    0x080054f8   0x00000026   Code   RO         1093    i.ipcp_down         ipcp.o
    0x0800551e   0x0000000e   Code   RO         1094    i.ipcp_finished     ipcp.o
    0x0800552c   0x000000ac   Code   RO         1095    i.ipcp_init         ipcp.o
    0x080055d8   0x00000020   Code   RO         1096    i.ipcp_input        ipcp.o
    0x080055f8   0x00000018   Code   RO         1097    i.ipcp_lowerdown    ipcp.o
    0x08005610   0x00000018   Code   RO         1098    i.ipcp_lowerup      ipcp.o
    0x08005628   0x000003e8   Code   RO         1099    i.ipcp_nakci        ipcp.o
    0x08005a10   0x00000018   Code   RO         1100    i.ipcp_open         ipcp.o
    0x08005a28   0x00000018   Code   RO         1101    i.ipcp_protrej      ipcp.o
    0x08005a40   0x00000218   Code   RO         1102    i.ipcp_rejci        ipcp.o
    0x08005c58   0x0000042a   Code   RO         1103    i.ipcp_reqci        ipcp.o
    0x08006082   0x00000002   PAD
    0x08006084   0x0000009c   Code   RO         1104    i.ipcp_resetci      ipcp.o
    0x08006120   0x00000150   Code   RO         1105    i.ipcp_up           ipcp.o
    0x08006270   0x000000c4   Code   RO         3475    i.ipfrag_free_pbuf_custom  ip_frag.o
    0x08006334   0x00000268   Code   RO         1218    i.lcp_ackci         lcp.o
    0x0800659c   0x0000017c   Code   RO         1219    i.lcp_addci         lcp.o
    0x08006718   0x000000b8   Code   RO         1220    i.lcp_cilen         lcp.o
    0x080067d0   0x00000048   Code   RO         1221    i.lcp_close         lcp.o
    0x08006818   0x0000006c   Code   RO         1222    i.lcp_down          lcp.o
    0x08006884   0x00000030   Code   RO         1223    i.lcp_echo_lowerdown  lcp.o
    0x080068b4   0x00000040   Code   RO         1224    i.lcp_echo_lowerup  lcp.o
    0x080068f4   0x000000b8   Code   RO         1225    i.lcp_extcode       lcp.o
    0x080069ac   0x0000000c   Code   RO         1226    i.lcp_finished      lcp.o
    0x080069b8   0x00000180   Code   RO         1227    i.lcp_init          lcp.o
    0x08006b38   0x00000028   Code   RO         1228    i.lcp_input         lcp.o
    0x08006b60   0x00000018   Code   RO         1229    i.lcp_lowerdown     lcp.o
    0x08006b78   0x000000ac   Code   RO         1230    i.lcp_lowerup       lcp.o
    0x08006c24   0x000004b4   Code   RO         1231    i.lcp_nakci         lcp.o
    0x080070d8   0x00000058   Code   RO         1232    i.lcp_open          lcp.o
    0x08007130   0x00000018   Code   RO         1233    i.lcp_protrej       lcp.o
    0x08007148   0x0000005c   Code   RO         1234    i.lcp_received_echo_reply  lcp.o
    0x080071a4   0x0000029c   Code   RO         1235    i.lcp_rejci         lcp.o
    0x08007440   0x00000550   Code   RO         1236    i.lcp_reqci         lcp.o
    0x08007990   0x00000064   Code   RO         1237    i.lcp_resetci       lcp.o
    0x080079f4   0x0000005c   Code   RO         1238    i.lcp_rprotrej      lcp.o
    0x08007a50   0x00000040   Code   RO         1239    i.lcp_sprotrej      lcp.o
    0x08007a90   0x0000000c   Code   RO         1240    i.lcp_starting      lcp.o
    0x08007a9c   0x00000150   Code   RO         1241    i.lcp_up            lcp.o
    0x08007bec   0x0000001c   Code   RO            6    i.linkStatusCB      main.o
    0x08007c08   0x00000090   Code   RO          648    i.link_down         auth.o
    0x08007c98   0x00000168   Code   RO          649    i.link_established  auth.o
    0x08007e00   0x00000002   Code   RO          650    i.link_required     auth.o
    0x08007e02   0x00000002   PAD
    0x08007e04   0x00000030   Code   RO          651    i.link_terminated   auth.o
    0x08007e34   0x0000001a   Code   RO         1900    i.lwip_htonl        def.o
    0x08007e4e   0x0000000c   Code   RO         1901    i.lwip_htons        def.o
    0x08007e5a   0x00000020   Code   RO         2072    i.lwip_init         init.o
    0x08007e7a   0x0000000c   Code   RO         1902    i.lwip_ntohl        def.o
    0x08007e86   0x0000000c   Code   RO         1903    i.lwip_ntohs        def.o
    0x08007e92   0x0000005e   Code   RO         3282    i.lwip_standard_chksum  inet_chksum.o
    0x08007ef0   0x00000008   Code   RO         1386    i.magic             magic.o
    0x08007ef8   0x00000002   Code   RO         1387    i.magicInit         magic.o
    0x08007efa   0x00000002   PAD
    0x08007efc   0x00000164   Code   RO            7    i.main              main.o
    0x08008060   0x0000015c   Code   RO         2131    i.mem_free          mem.o
    0x080081bc   0x0000005c   Code   RO         2132    i.mem_init          mem.o
    0x08008218   0x00000288   Code   RO         2133    i.mem_malloc        mem.o
    0x080084a0   0x000001d4   Code   RO         2134    i.mem_trim          mem.o
    0x08008674   0x0000003c   Code   RO         1561    i.nPut              ppp.o
    0x080086b0   0x0000010c   Code   RO         2233    i.netif_add         netif.o
    0x080087bc   0x00000002   Code   RO         2235    i.netif_init        netif.o
    0x080087be   0x00000002   PAD
    0x080087c0   0x00000068   Code   RO         2236    i.netif_remove      netif.o
    0x08008828   0x00000028   Code   RO         2237    i.netif_set_addr    netif.o
    0x08008850   0x00000010   Code   RO         2238    i.netif_set_default  netif.o
    0x08008860   0x0000002a   Code   RO         2239    i.netif_set_down    netif.o
    0x0800888a   0x00000010   Code   RO         2240    i.netif_set_gw      netif.o
    0x0800889a   0x00000002   PAD
    0x0800889c   0x00000084   Code   RO         2241    i.netif_set_ipaddr  netif.o
    0x08008920   0x00000010   Code   RO         2245    i.netif_set_netmask  netif.o
    0x08008930   0x0000002c   Code   RO         2247    i.netif_set_up      netif.o
    0x0800895c   0x000000b4   Code   RO          652    i.network_phase     auth.o
    0x08008a10   0x00000030   Code   RO          653    i.np_down           auth.o
    0x08008a40   0x00000044   Code   RO          654    i.np_finished       auth.o
    0x08008a84   0x00000078   Code   RO          655    i.np_up             auth.o
    0x08008afc   0x00000006   Code   RO          656    i.null_login        auth.o
    0x08008b02   0x00000002   PAD
    0x08008b04   0x00000464   Code   RO         2361    i.pbuf_alloc        pbuf.o
    0x08008f68   0x00000104   Code   RO         2362    i.pbuf_alloced_custom  pbuf.o
    0x0800906c   0x00000154   Code   RO         2363    i.pbuf_cat          pbuf.o
    0x080091c0   0x0000001a   Code   RO         2364    i.pbuf_chain        pbuf.o
    0x080091da   0x00000012   Code   RO         2365    i.pbuf_clen         pbuf.o
    0x080091ec   0x0000014c   Code   RO         2368    i.pbuf_copy_partial  pbuf.o
    0x08009338   0x000001cc   Code   RO         2370    i.pbuf_free         pbuf.o
    0x08009504   0x0000015c   Code   RO         2372    i.pbuf_header       pbuf.o
    0x08009660   0x000001e8   Code   RO         2375    i.pbuf_realloc      pbuf.o
    0x08009848   0x0000000a   Code   RO         2376    i.pbuf_ref          pbuf.o
    0x08009852   0x00000002   PAD
    0x08009854   0x0000000c   Code   RO          657    i.plogout           auth.o
    0x08009860   0x000001cc   Code   RO         2135    i.plug_holes        mem.o
    0x08009a2c   0x00000074   Code   RO         1562    i.pppAppend         ppp.o
    0x08009aa0   0x0000000c   Code   RO         1564    i.pppDrop           ppp.o
    0x08009aac   0x0000002a   Code   RO         1565    i.pppFreeCurrentInputPacket  ppp.o
    0x08009ad6   0x00000002   PAD
    0x08009ad8   0x0000007c   Code   RO         1567    i.pppIOCtl          ppp.o
    0x08009b54   0x000001e8   Code   RO         1568    i.pppInProc         ppp.o
    0x08009d3c   0x00000078   Code   RO         1569    i.pppInit           ppp.o
    0x08009db4   0x000001c8   Code   RO         1570    i.pppInput          ppp.o
    0x08009f7c   0x00000002   Code   RO         1571    i.pppLinkDown       ppp.o
    0x08009f7e   0x00000002   PAD
    0x08009f80   0x0000003c   Code   RO         1572    i.pppLinkTerminated  ppp.o
    0x08009fbc   0x00000030   Code   RO         1573    i.pppMTU            ppp.o
    0x08009fec   0x00000088   Code   RO         1574    i.pppOverSerialOpen  ppp.o
    0x0800a074   0x000000cc   Code   RO         1575    i.pppSetAuth        ppp.o
    0x0800a140   0x0000004a   Code   RO         1577    i.pppSingleBuf      ppp.o
    0x0800a18a   0x00000012   Code   RO         1578    i.pppStart          ppp.o
    0x0800a19c   0x000000dc   Code   RO         1580    i.pppWrite          ppp.o
    0x0800a278   0x0000003c   Code   RO         1581    i.ppp_recv_config   ppp.o
    0x0800a2b4   0x00000044   Code   RO         1582    i.ppp_send_config   ppp.o
    0x0800a2f8   0x00000028   Code   RO         1585    i.ppp_set_xaccm     ppp.o
    0x0800a320   0x0000002c   Code   RO         1586    i.pppifNetifInit    ppp.o
    0x0800a34c   0x000001c0   Code   RO         1587    i.pppifOutput       ppp.o
    0x0800a50c   0x00000030   Code   RO         1588    i.pppos_input       ppp.o
    0x0800a53c   0x00000074   Code   RO         2492    i.raw_input         raw.o
    0x0800a5b0   0x00000050   Code   RO         1589    i.sifaddr           ppp.o
    0x0800a600   0x00000040   Code   RO         1590    i.sifdefaultroute   ppp.o
    0x0800a640   0x00000054   Code   RO         1591    i.sifdown           ppp.o
    0x0800a694   0x00000006   Code   RO         1592    i.sifnpmode         ppp.o
    0x0800a69a   0x00000002   PAD
    0x0800a69c   0x00000080   Code   RO         1593    i.sifup             ppp.o
    0x0800a71c   0x00000008   Code   RO         1594    i.sifvjcomp         ppp.o
    0x0800a724   0x0000007c   Code   RO         3549    i.sio_write         sio.o
    0x0800a7a0   0x00000002   Code   RO         2558    i.stats_init        stats.o
    0x0800a7a2   0x00000002   PAD
    0x0800a7a4   0x0000000c   Code   RO         3606    i.sys_jiffies       sys_arch.o
    0x0800a7b0   0x0000000c   Code   RO         3607    i.sys_now           sys_arch.o
    0x0800a7bc   0x0000014c   Code   RO         3031    i.sys_timeout       timers.o
    0x0800a908   0x00000030   Code   RO         3032    i.sys_timeouts_init  timers.o
    0x0800a938   0x0000005c   Code   RO         3033    i.sys_untimeout     timers.o
    0x0800a994   0x00000130   Code   RO         2609    i.tcp_abandon       tcp.o
    0x0800aac4   0x0000000e   Code   RO         2610    i.tcp_abort         tcp.o
    0x0800aad2   0x00000002   PAD
    0x0800aad4   0x000000d8   Code   RO         2613    i.tcp_alloc         tcp.o
    0x0800abac   0x00000120   Code   RO         2615    i.tcp_bind          tcp.o
    0x0800accc   0x0000001c   Code   RO         2616    i.tcp_close         tcp.o
    0x0800ace8   0x00000244   Code   RO         2617    i.tcp_close_shutdown  tcp.o
    0x0800af2c   0x000001e8   Code   RO         2618    i.tcp_connect       tcp.o
    0x0800b114   0x000000d4   Code   RO         2917    i.tcp_create_segment  tcp_out.o
    0x0800b1e8   0x0000002e   Code   RO         2620    i.tcp_eff_send_mss  tcp.o
    0x0800b216   0x00000002   PAD
    0x0800b218   0x00000308   Code   RO         2918    i.tcp_enqueue_flags  tcp_out.o
    0x0800b520   0x00000080   Code   RO         2622    i.tcp_fasttmr       tcp.o
    0x0800b5a0   0x00000002   Code   RO         2623    i.tcp_init          tcp.o
    0x0800b5a2   0x00000002   PAD
    0x0800b5a4   0x00000794   Code   RO         2854    i.tcp_input         tcp_in.o
    0x0800bd38   0x0000007c   Code   RO         2919    i.tcp_keepalive     tcp_out.o
    0x0800bdb4   0x00000058   Code   RO         2624    i.tcp_kill_prio     tcp.o
    0x0800be0c   0x00000040   Code   RO         2625    i.tcp_kill_timewait  tcp.o
    0x0800be4c   0x00000168   Code   RO         2855    i.tcp_listen_input  tcp_in.o
    0x0800bfb4   0x0000000a   Code   RO         2627    i.tcp_new           tcp.o
    0x0800bfbe   0x00000002   PAD
    0x0800bfc0   0x00000068   Code   RO         2628    i.tcp_new_port      tcp.o
    0x0800c028   0x0000001c   Code   RO         2629    i.tcp_next_iss      tcp.o
    0x0800c044   0x0000028c   Code   RO         2920    i.tcp_output        tcp_out.o
    0x0800c2d0   0x00000118   Code   RO         2921    i.tcp_output_alloc_header  tcp_out.o
    0x0800c3e8   0x00000104   Code   RO         2922    i.tcp_output_segment  tcp_out.o
    0x0800c4ec   0x000000d0   Code   RO         2856    i.tcp_parseopt      tcp_in.o
    0x0800c5bc   0x000000f8   Code   RO         2923    i.tcp_pbuf_prealloc  tcp_out.o
    0x0800c6b4   0x00000160   Code   RO         2630    i.tcp_pcb_purge     tcp.o
    0x0800c814   0x00000148   Code   RO         2631    i.tcp_pcb_remove    tcp.o
    0x0800c95c   0x000006a8   Code   RO         2857    i.tcp_process       tcp_in.o
    0x0800d004   0x00000094   Code   RO         2633    i.tcp_process_refused_data  tcp.o
    0x0800d098   0x00000984   Code   RO         2858    i.tcp_receive       tcp_in.o
    0x0800da1c   0x0000002e   Code   RO         2635    i.tcp_recv_null     tcp.o
    0x0800da4a   0x00000002   PAD
    0x0800da4c   0x00000124   Code   RO         2636    i.tcp_recved        tcp.o
    0x0800db70   0x0000005a   Code   RO         2924    i.tcp_rexmit        tcp_out.o
    0x0800dbca   0x00000078   Code   RO         2925    i.tcp_rexmit_fast   tcp_out.o
    0x0800dc42   0x0000003a   Code   RO         2926    i.tcp_rexmit_rto    tcp_out.o
    0x0800dc7c   0x00000144   Code   RO         2927    i.tcp_rst           tcp_out.o
    0x0800ddc0   0x00000018   Code   RO         2637    i.tcp_seg_free      tcp.o
    0x0800ddd8   0x00000018   Code   RO         2638    i.tcp_segs_free     tcp.o
    0x0800ddf0   0x0000006e   Code   RO         2928    i.tcp_send_empty_ack  tcp_out.o
    0x0800de5e   0x0000004a   Code   RO         2929    i.tcp_send_fin      tcp_out.o
    0x0800dea8   0x00000624   Code   RO         2642    i.tcp_slowtmr       tcp.o
    0x0800e4cc   0x00000038   Code   RO         3034    i.tcp_timer_needed  timers.o
    0x0800e504   0x000000ac   Code   RO         2859    i.tcp_timewait_input  tcp_in.o
    0x0800e5b0   0x00000024   Code   RO         2643    i.tcp_tmr           tcp.o
    0x0800e5d4   0x000000d4   Code   RO         2644    i.tcp_update_rcv_ann_wnd  tcp.o
    0x0800e6a8   0x00000788   Code   RO         2930    i.tcp_write         tcp_out.o
    0x0800ee30   0x000001a0   Code   RO         2931    i.tcp_write_checks  tcp_out.o
    0x0800efd0   0x000000e0   Code   RO         2932    i.tcp_zero_window_probe  tcp_out.o
    0x0800f0b0   0x00000038   Code   RO         3035    i.tcpip_tcp_timer   timers.o
    0x0800f0e8   0x0000010c   Code   RO         3107    i.udp_bind          udp.o
    0x0800f1f4   0x00000068   Code   RO         3108    i.udp_connect       udp.o
    0x0800f25c   0x00000002   Code   RO         3110    i.udp_init          udp.o
    0x0800f25e   0x00000002   PAD
    0x0800f260   0x00000288   Code   RO         3111    i.udp_input         udp.o
    0x0800f4e8   0x00000024   Code   RO         3112    i.udp_new           udp.o
    0x0800f50c   0x00000058   Code   RO         3113    i.udp_new_port      udp.o
    0x0800f564   0x00000006   Code   RO         3114    i.udp_recv          udp.o
    0x0800f56a   0x00000002   PAD
    0x0800f56c   0x0000004c   Code   RO         3117    i.udp_sendto        udp.o
    0x0800f5b8   0x000001d0   Code   RO         3118    i.udp_sendto_if     udp.o
    0x0800f788   0x00000054   Code   RO         1459    i.upap_authpeer     pap.o
    0x0800f7dc   0x0000004c   Code   RO         1460    i.upap_authwithpeer  pap.o
    0x0800f828   0x00000030   Code   RO         1461    i.upap_init         pap.o
    0x0800f858   0x0000008c   Code   RO         1462    i.upap_input        pap.o
    0x0800f8e4   0x00000044   Code   RO         1463    i.upap_lowerdown    pap.o
    0x0800f928   0x00000068   Code   RO         1464    i.upap_lowerup      pap.o
    0x0800f990   0x0000003c   Code   RO         1465    i.upap_protrej      pap.o
    0x0800f9cc   0x0000004c   Code   RO         1466    i.upap_rauthack     pap.o
    0x0800fa18   0x0000003c   Code   RO         1467    i.upap_rauthnak     pap.o
    0x0800fa54   0x000000e0   Code   RO         1468    i.upap_rauthreq     pap.o
    0x0800fb34   0x00000020   Code   RO         1469    i.upap_reqtimeout   pap.o
    0x0800fb54   0x000000c0   Code   RO         1470    i.upap_sauthreq     pap.o
    0x0800fc14   0x00000078   Code   RO         1471    i.upap_sresp        pap.o
    0x0800fc8c   0x00000030   Code   RO         1472    i.upap_timeout      pap.o
    0x0800fcbc   0x000000a8   Code   RO          369    i.usart1_init       usart1.o
    0x0800fd64   0x000000a0   Code   RO          431    i.usart2_init       usart2.o
    0x0800fe04   0x0000001f   Data   RO            8    .constdata          main.o
    0x0800fe23   0x00000001   PAD
    0x0800fe24   0x00000200   Data   RO         1596    .constdata          ppp.o
    0x08010024   0x00000014   Data   RO         2190    .constdata          memp.o
    0x08010038   0x00000050   Data   RO         2645    .constdata          tcp.o
    0x08010088   0x00000008   Data   RO         3407    .constdata          ip_addr.o
    0x08010090   0x00000005   Data   RO          847    .conststring        chap.o
    0x08010095   0x00000003   PAD
    0x08010098   0x00000005   Data   RO         1107    .conststring        ipcp.o
    0x0801009d   0x00000003   PAD
    0x080100a0   0x00000004   Data   RO         1243    .conststring        lcp.o
    0x080100a4   0x00000004   Data   RO         1474    .conststring        pap.o
    0x080100a8   0x000000b9   Data   RO         2646    .conststring        tcp.o
    0x08010161   0x00000003   PAD
    0x08010164   0x00000055   Data   RO         2933    .conststring        tcp_out.o
    0x080101b9   0x00000003   PAD
    0x080101bc   0x00000020   Data   RO         5219    Region$$Table       anon$$obj.o


    Execution Region RW_IRAM1 (Base: 0x20000000, Size: 0x000056c8, Max: 0x0000c000, ABSOLUTE, COMPRESSED[0x00000178])

    Base Addr    Size         Type   Attr      Idx    E Section Name        Object

    0x20000000   0x0000009c   Data   RW            9    .data               main.o
    0x2000009c   0x00000010   Data   RW          300    .data               timer.o
    0x200000ac   0x00000010   Data   RW          371    .data               usart1.o
    0x200000bc   0x0000000c   Data   RW          433    .data               usart2.o
    0x200000c8   0x00000001   Data   RW          481    .data               key.o
    0x200000c9   0x00000001   PAD
    0x200000ca   0x00000004   Data   RW          516    .data               delay.o
    0x200000ce   0x00000002   PAD
    0x200000d0   0x0000001c   Data   RW          659    .data               auth.o
    0x200000ec   0x00000028   Data   RW          848    .data               chap.o
    0x20000114   0x00000004   Data   RW          992    .data               fsm.o
    0x20000118   0x0000006c   Data   RW         1108    .data               ipcp.o
    0x20000184   0x00000080   Data   RW         1244    .data               lcp.o
    0x20000204   0x00000040   Data   RW         1420    .data               md5.o
    0x20000244   0x00000028   Data   RW         1475    .data               pap.o
    0x2000026c   0x00000020   Data   RW         1597    .data               ppp.o
    0x2000028c   0x0000000c   Data   RW         1847    .data               randm.o
    0x20000298   0x00000014   Data   RW         1974    .data               dns.o
    0x200002ac   0x0000000c   Data   RW         2137    .data               mem.o
    0x200002b8   0x00000009   Data   RW         2248    .data               netif.o
    0x200002c1   0x00000003   PAD
    0x200002c4   0x00000004   Data   RW         2498    .data               raw.o
    0x200002c8   0x00000024   Data   RW         2647    .data               tcp.o
    0x200002ec   0x00000020   Data   RW         2861    .data               tcp_in.o
    0x2000030c   0x0000000c   Data   RW         3036    .data               timers.o
    0x20000318   0x00000008   Data   RW         3119    .data               udp.o
    0x20000320   0x00000012   Data   RW         3339    .data               ip.o
    0x20000332   0x00000002   PAD
    0x20000334   0x00000006   Data   RW         3476    .data               ip_frag.o
    0x2000033a   0x00000014   Data   RW         3964    .data               stm32f10x_rcc.o
    0x2000034e   0x00000002   PAD
    0x20000350   0x00000004   Data   RW         4899    .data               mc_w.l(rand.o)
    0x20000354   0x00000004   PAD
    0x20000358   0x00000c80   Zero   RW          432    .bss                usart2.o
    0x20000fd8   0x00000100   Zero   RW          658    .bss                auth.o
    0x200010d8   0x000000b0   Zero   RW          846    .bss                chap.o
    0x20001188   0x000000b8   Zero   RW         1106    .bss                ipcp.o
    0x20001240   0x00000694   Zero   RW         1242    .bss                lcp.o
    0x200018d4   0x00000030   Zero   RW         1473    .bss                pap.o
    0x20001904   0x00000abc   Zero   RW         1595    .bss                ppp.o
    0x200023c0   0x00000663   Zero   RW         1973    .bss                dns.o
    0x20002a23   0x00002814   Zero   RW         2136    .bss                mem.o
    0x20005237   0x00000001   PAD
    0x20005238   0x00000078   Zero   RW         2559    .bss                stats.o
    0x200052b0   0x00000014   Zero   RW         2860    .bss                tcp_in.o
    0x200052c4   0x00000004   PAD
    0x200052c8   0x00000400   Zero   RW         3636    STACK               startup_stm32f10x_hd.o


==============================================================================

Image component sizes


      Code (inc. data)   RO Data    RW Data    ZI Data      Debug   Object Name

      1932        438          0         28        256      24683   auth.o
      2224        236          5         40        176      14434   chap.o
        62          0          0          0          0       1972   def.o
       124         12          0          4          0       1120   delay.o
      1644        374          0         20       1635      15743   dns.o
      2350        136          0          4          0      13000   fsm.o
         0          0          0          0          0       3808   inet.o
       284          0          0          0          0       4391   inet_chksum.o
        32          0          0          0          0       1156   init.o
      1568        370          0         18          0       8248   ip.o
       562         98          8          0          0       8882   ip_addr.o
      3104        922          0          6          0      10084   ip_frag.o
      4710        250          5        108        184      20279   ipcp.o
       260         24          0          1          0       1030   key.o
      6736        438          4        128       1684      27993   lcp.o
        80          8          0          0          0        463   led.o
        10          0          0          0          0        876   magic.o
       472         62         31        156          0     275633   main.o
      2392        268          0         64          0       4757   md5.o
      2016        778          0         12      10260       5041   mem.o
         0          0         20          0          0       1105   memp.o
       132         22          0          0          0       1683   misc.o
       680        128          0          9          0      17435   netif.o
       318         34          0          0          0       2362   nvic.o
      1332         82          4         40         48      10647   pap.o
      3406       1342          0          0          0       8815   pbuf.o
      3468        300        512         32       2748      26318   ppp.o
       124         24          0         12          0       1636   randm.o
       116         14          0          4          0       1444   raw.o
       124          8          0          0          0       1440   sio.o
        36          8        304          0       1024        800   startup_stm32f10x_hd.o
         2          0          0          0        120       3194   stats.o
       216         22          0          0          0       2847   stm32f10x_exti.o
       282          0          0          0          0       2643   stm32f10x_gpio.o
       340         44          0         20          0       5816   stm32f10x_rcc.o
       246         42          0          0          0       3806   stm32f10x_tim.o
       470         28          0          0          0       4509   stm32f10x_usart.o
        24         12          0          0          0        876   sys_arch.o
       328         28          0          0          0       1925   system_stm32f10x.o
      5422       1578        265         36          0      27104   tcp.o
      6820       1168          0         32         20      16963   tcp_in.o
      5896       1498         85          0          0      14991   tcp_out.o
       564         70          0         16          0       2805   timer.o
       648        210          0         12          0       5373   timers.o
      1692        348          0          8          0       8829   udp.o
       198         14          0         16          0       3717   usart1.o
       304         30          0         12       3200       2800   usart2.o

    ----------------------------------------------------------------------
     63812      11468       1288        848      21360     625476   Object Totals
         0          0         32          0          0          0   (incl. Generated)
        62          0         13         10          5          0   (incl. Padding)

    ----------------------------------------------------------------------

      Code (inc. data)   RO Data    RW Data    ZI Data      Debug   Library Member Name

        86          0          0          0          0          0   __dczerorl2.o
         0          0          0          0          0          0   entry.o
         0          0          0          0          0          0   entry10a.o
         0          0          0          0          0          0   entry11a.o
         8          4          0          0          0          0   entry2.o
         4          0          0          0          0          0   entry5.o
         0          0          0          0          0          0   entry7b.o
         0          0          0          0          0          0   entry8b.o
         8          4          0          0          0          0   entry9a.o
        30          0          0          0          0          0   handlers.o
        36          8          0          0          0         68   init.o
        26          0          0          0          0         80   memcmp.o
        36          0          0          0          0         68   memcpya.o
        36          0          0          0          0        108   memseta.o
       472         14          0          0          0        184   printf3.o
        36         10          0          4          0        136   rand.o
        28          0          0          0          0         76   strcmp.o
        18          0          0          0          0         68   strcpy.o
        14          0          0          0          0         68   strlen.o
        24          0          0          0          0         76   strncpy.o
        44          0          0          0          0         80   uidiv.o

    ----------------------------------------------------------------------
       912         40          0          4          4       1012   Library Totals
         6          0          0          0          4          0   (incl. Padding)

    ----------------------------------------------------------------------

      Code (inc. data)   RO Data    RW Data    ZI Data      Debug   Library Name

       906         40          0          4          0       1012   mc_w.l

    ----------------------------------------------------------------------
       912         40          0          4          4       1012   Library Totals

    ----------------------------------------------------------------------

==============================================================================


      Code (inc. data)   RO Data    RW Data    ZI Data      Debug   

     64724      11508       1288        852      21364     608884   Grand Totals
     64724      11508       1288        376      21364     608884   ELF Image Totals (compressed)
     64724      11508       1288        376          0          0   ROM Totals

==============================================================================

    Total RO  Size (Code + RO Data)                66012 (  64.46kB)
    Total RW  Size (RW Data + ZI Data)             22216 (  21.70kB)
    Total ROM Size (Code + RO Data + RW Data)      66388 (  64.83kB)

==============================================================================

